Archive member included to satisfy reference by file (symbol)

D:/STM32/CLT/STM32CubeCLT_1.20.0/GNU-tools-for-STM32/bin/../lib/gcc/arm-none-eabi/13.3.1/thumb/v7-m/nofp\libgcc.a(_arm_mulsf3.o)
                              CMakeFiles/armor.dir/BSP/bsp_dwt.c.obj (__aeabi_fmul)
D:/STM32/CLT/STM32CubeCLT_1.20.0/GNU-tools-for-STM32/bin/../lib/gcc/arm-none-eabi/13.3.1/thumb/v7-m/nofp\libgcc.a(_arm_addsubdf3.o)
                              CMakeFiles/armor.dir/BSP/bsp_dwt.c.obj (__aeabi_ui2d)
D:/STM32/CLT/STM32CubeCLT_1.20.0/GNU-tools-for-STM32/bin/../lib/gcc/arm-none-eabi/13.3.1/thumb/v7-m/nofp\libgcc.a(_arm_muldivdf3.o)
                              CMakeFiles/armor.dir/BSP/bsp_dwt.c.obj (__aeabi_ddiv)
D:/STM32/CLT/STM32CubeCLT_1.20.0/GNU-tools-for-STM32/bin/../lib/gcc/arm-none-eabi/13.3.1/thumb/v7-m/nofp\libgcc.a(_arm_addsubsf3.o)
                              CMakeFiles/armor.dir/BSP/sk6812.c.obj (__aeabi_fsub)
D:/STM32/CLT/STM32CubeCLT_1.20.0/GNU-tools-for-STM32/bin/../lib/gcc/arm-none-eabi/13.3.1/thumb/v7-m/nofp\libgcc.a(_arm_muldivsf3.o)
                              CMakeFiles/armor.dir/BSP/bsp_dwt.c.obj (__aeabi_fdiv)
D:/STM32/CLT/STM32CubeCLT_1.20.0/GNU-tools-for-STM32/bin/../lib/gcc/arm-none-eabi/13.3.1/thumb/v7-m/nofp\libgcc.a(_arm_cmpsf2.o)
                              CMakeFiles/armor.dir/BSP/bsp_dwt.c.obj (__aeabi_fcmplt)
D:/STM32/CLT/STM32CubeCLT_1.20.0/GNU-tools-for-STM32/bin/../lib/gcc/arm-none-eabi/13.3.1/thumb/v7-m/nofp\libgcc.a(_arm_fixunssfsi.o)
                              CMakeFiles/armor.dir/BSP/sk6812.c.obj (__aeabi_f2uiz)
D:/STM32/CLT/STM32CubeCLT_1.20.0/GNU-tools-for-STM32/bin/../lib/gcc/arm-none-eabi/13.3.1/thumb/v7-m/nofp\libgcc.a(_aeabi_uldivmod.o)
                              CMakeFiles/armor.dir/BSP/bsp_dwt.c.obj (__aeabi_uldivmod)
D:/STM32/CLT/STM32CubeCLT_1.20.0/GNU-tools-for-STM32/bin/../lib/gcc/arm-none-eabi/13.3.1/thumb/v7-m/nofp\libgcc.a(_udivmoddi4.o)
                              D:/STM32/CLT/STM32CubeCLT_1.20.0/GNU-tools-for-STM32/bin/../lib/gcc/arm-none-eabi/13.3.1/thumb/v7-m/nofp\libgcc.a(_aeabi_uldivmod.o) (__udivmoddi4)
D:/STM32/CLT/STM32CubeCLT_1.20.0/GNU-tools-for-STM32/bin/../lib/gcc/arm-none-eabi/13.3.1/thumb/v7-m/nofp\libgcc.a(_dvmd_tls.o)
                              D:/STM32/CLT/STM32CubeCLT_1.20.0/GNU-tools-for-STM32/bin/../lib/gcc/arm-none-eabi/13.3.1/thumb/v7-m/nofp\libgcc.a(_aeabi_uldivmod.o) (__aeabi_ldiv0)
D:/STM32/CLT/STM32CubeCLT_1.20.0/GNU-tools-for-STM32/bin/../lib/gcc/arm-none-eabi/13.3.1/../../../../arm-none-eabi/lib/thumb/v7-m/nofp\libg_nano.a(libc_a-exit.o)
                              D:/STM32/CLT/STM32CubeCLT_1.20.0/GNU-tools-for-STM32/bin/../lib/gcc/arm-none-eabi/13.3.1/../../../../arm-none-eabi/lib/thumb/v7-m/nofp/crt0.o (exit)
D:/STM32/CLT/STM32CubeCLT_1.20.0/GNU-tools-for-STM32/bin/../lib/gcc/arm-none-eabi/13.3.1/../../../../arm-none-eabi/lib/thumb/v7-m/nofp\libg_nano.a(libc_a-findfp.o)
                              D:/STM32/CLT/STM32CubeCLT_1.20.0/GNU-tools-for-STM32/bin/../lib/gcc/arm-none-eabi/13.3.1/../../../../arm-none-eabi/lib/thumb/v7-m/nofp\libg_nano.a(libc_a-exit.o) (__stdio_exit_handler)
D:/STM32/CLT/STM32CubeCLT_1.20.0/GNU-tools-for-STM32/bin/../lib/gcc/arm-none-eabi/13.3.1/../../../../arm-none-eabi/lib/thumb/v7-m/nofp\libg_nano.a(libc_a-fwalk.o)
                              D:/STM32/CLT/STM32CubeCLT_1.20.0/GNU-tools-for-STM32/bin/../lib/gcc/arm-none-eabi/13.3.1/../../../../arm-none-eabi/lib/thumb/v7-m/nofp\libg_nano.a(libc_a-findfp.o) (_fwalk_sglue)
D:/STM32/CLT/STM32CubeCLT_1.20.0/GNU-tools-for-STM32/bin/../lib/gcc/arm-none-eabi/13.3.1/../../../../arm-none-eabi/lib/thumb/v7-m/nofp\libg_nano.a(libc_a-stdio.o)
                              D:/STM32/CLT/STM32CubeCLT_1.20.0/GNU-tools-for-STM32/bin/../lib/gcc/arm-none-eabi/13.3.1/../../../../arm-none-eabi/lib/thumb/v7-m/nofp\libg_nano.a(libc_a-findfp.o) (__sread)
D:/STM32/CLT/STM32CubeCLT_1.20.0/GNU-tools-for-STM32/bin/../lib/gcc/arm-none-eabi/13.3.1/../../../../arm-none-eabi/lib/thumb/v7-m/nofp\libg_nano.a(libc_a-memset.o)
                              D:/STM32/CLT/STM32CubeCLT_1.20.0/GNU-tools-for-STM32/bin/../lib/gcc/arm-none-eabi/13.3.1/../../../../arm-none-eabi/lib/thumb/v7-m/nofp/crt0.o (memset)
D:/STM32/CLT/STM32CubeCLT_1.20.0/GNU-tools-for-STM32/bin/../lib/gcc/arm-none-eabi/13.3.1/../../../../arm-none-eabi/lib/thumb/v7-m/nofp\libg_nano.a(libc_a-closer.o)
                              D:/STM32/CLT/STM32CubeCLT_1.20.0/GNU-tools-for-STM32/bin/../lib/gcc/arm-none-eabi/13.3.1/../../../../arm-none-eabi/lib/thumb/v7-m/nofp\libg_nano.a(libc_a-stdio.o) (_close_r)
D:/STM32/CLT/STM32CubeCLT_1.20.0/GNU-tools-for-STM32/bin/../lib/gcc/arm-none-eabi/13.3.1/../../../../arm-none-eabi/lib/thumb/v7-m/nofp\libg_nano.a(libc_a-reent.o)
                              D:/STM32/CLT/STM32CubeCLT_1.20.0/GNU-tools-for-STM32/bin/../lib/gcc/arm-none-eabi/13.3.1/../../../../arm-none-eabi/lib/thumb/v7-m/nofp\libg_nano.a(libc_a-closer.o) (errno)
[...]
Memory Configuration

Name             Origin             Length             Attributes
RAM              0x20000000         0x00005000         xrw
FLASH            0x08000000         0x00010000         xr
*default*        0x00000000         0xffffffff

Linker script and memory map

LOAD D:/STM32/CLT/STM32CubeCLT_1.20.0/GNU-tools-for-STM32/bin/../lib/gcc/arm-none-eabi/13.3.1/thumb/v7-m/nofp/crti.o
LOAD D:/STM32/CLT/STM32CubeCLT_1.20.0/GNU-tools-for-STM32/bin/../lib/gcc/arm-none-eabi/13.3.1/thumb/v7-m/nofp/crtbegin.o
LOAD D:/STM32/CLT/STM32CubeCLT_1.20.0/GNU-tools-for-STM32/bin/../lib/gcc/arm-none-eabi/13.3.1/../../../../arm-none-eabi/lib/thumb/v7-m/nofp/crt0.o
LOAD cmake/stm32cubemx/CMakeFiles/STM32_Drivers.dir/__/__/Core/Src/system_stm32f1xx.c.obj
LOAD cmake/stm32cubemx/CMakeFiles/STM32_Drivers.dir/__/__/Drivers/STM32F1xx_HAL_Driver/Src/stm32f1xx_hal_gpio_ex.c.obj
LOAD cmake/stm32cubemx/CMakeFiles/STM32_Drivers.dir/__/__/Drivers/STM32F1xx_HAL_Driver/Src/stm32f1xx_hal_can.c.obj
LOAD cmake/stm32cubemx/CMakeFiles/STM32_Drivers.dir/__/__/Drivers/STM32F1xx_HAL_Driver/Src/stm32f1xx_hal.c.obj
LOAD cmake/stm32cubemx/CMakeFiles/STM32_Drivers.dir/__/__/Drivers/STM32F1xx_HAL_Driver/Src/stm32f1xx_hal_rcc.c.obj
LOAD cmake/stm32cubemx/CMakeFiles/STM32_Drivers.dir/__/__/Drivers/STM32F1xx_HAL_Driver/Src/stm32f1xx_hal_rcc_ex.c.obj
LOAD cmake/stm32cubemx/CMakeFiles/STM32_Drivers.dir/__/__/Drivers/STM32F1xx_HAL_Driver/Src/stm32f1xx_hal_gpio.c.obj
LOAD cmake/stm32cubemx/CMakeFiles/STM32_Drivers.dir/__/__/Drivers/STM32F1xx_HAL_Driver/Src/stm32f1xx_hal_dma.c.obj
LOAD cmake/stm32cubemx/CMakeFiles/STM32_Drivers.dir/__/__/Drivers/STM32F1xx_HAL_Driver/Src/stm32f1xx_hal_cortex.c.obj
LOAD cmake/stm32cubemx/CMakeFiles/STM32_Drivers.dir/__/__/Drivers/STM32F1xx_HAL_Driver/Src/stm32f1xx_hal_pwr.c.obj
LOAD cmake/stm32cubemx/CMakeFiles/STM32_Drivers.dir/__/__/Drivers/STM32F1xx_HAL_Driver/Src/stm32f1xx_hal_flash.c.obj
LOAD cmake/stm32cubemx/CMakeFiles/STM32_Drivers.dir/__/__/Drivers/STM32F1xx_HAL_Driver/Src/stm32f1xx_hal_flash_ex.c.obj
LOAD cmake/stm32cubemx/CMakeFiles/STM32_Drivers.dir/__/__/Drivers/STM32F1xx_HAL_Driver/Src/stm32f1xx_hal_exti.c.obj
LOAD cmake/stm32cubemx/CMakeFiles/STM32_Drivers.dir/__/__/Drivers/STM32F1xx_HAL_Driver/Src/stm32f1xx_hal_i2c.c.obj
LOAD cmake/stm32cubemx/CMakeFiles/STM32_Drivers.dir/__/__/Drivers/STM32F1xx_HAL_Driver/Src/stm32f1xx_hal_tim.c.obj
LOAD cmake/stm32cubemx/CMakeFiles/STM32_Drivers.dir/__/__/Drivers/STM32F1xx_HAL_Driver/Src/stm32f1xx_hal_tim_ex.c.obj
LOAD cmake/stm32cubemx/CMakeFiles/STM32_Drivers.dir/__/__/Drivers/STM32F1xx_HAL_Driver/Src/stm32f1xx_hal_uart.c.obj
LOAD CMakeFiles/armor.dir/Core/Src/main.c.obj
LOAD CMakeFiles/armor.dir/Core/Src/gpio.c.obj
LOAD CMakeFiles/armor.dir/Core/Src/can.c.obj
LOAD CMakeFiles/armor.dir/Core/Src/dma.c.obj
LOAD CMakeFiles/armor.dir/Core/Src/i2c.c.obj
LOAD CMakeFiles/armor.dir/Core/Src/tim.c.obj
LOAD CMakeFiles/armor.dir/Core/Src/usart.c.obj
LOAD CMakeFiles/armor.dir/Core/Src/stm32f1xx_it.c.obj
LOAD CMakeFiles/armor.dir/Core/Src/stm32f1xx_hal_msp.c.obj
LOAD CMakeFiles/armor.dir/Core/Src/sysmem.c.obj
LOAD CMakeFiles/armor.dir/Core/Src/syscalls.c.obj
LOAD CMakeFiles/armor.dir/startup_stm32f103xb.s.obj
LOAD CMakeFiles/armor.dir/BSP/bsp_led.c.obj
LOAD CMakeFiles/armor.dir/BSP/bsp_dwt.c.obj
LOAD CMakeFiles/armor.dir/BSP/hx711.c.obj
LOAD CMakeFiles/armor.dir/BSP/sk6812.c.obj
LOAD D:/STM32/CLT/STM32CubeCLT_1.20.0/GNU-tools-for-STM32/bin/../lib/gcc/arm-none-eabi/13.3.1/../../../../arm-none-eabi/lib/thumb/v7-m/nofp\libm.a
START GROUP
LOAD D:/STM32/CLT/STM32CubeCLT_1.20.0/GNU-tools-for-STM32/bin/../lib/gcc/arm-none-eabi/13.3.1/thumb/v7-m/nofp\libgcc.a
LOAD D:/STM32/CLT/STM32CubeCLT_1.20.0/GNU-tools-for-STM32/bin/../lib/gcc/arm-none-eabi/13.3.1/../../../../arm-none-eabi/lib/thumb/v7-m/nofp\libg_nano.a
LOAD D:/STM32/CLT/STM32CubeCLT_1.20.0/GNU-tools-for-STM32/bin/../lib/gcc/arm-none-eabi/13.3.1/../../../../arm-none-eabi/lib/thumb/v7-m/nofp\libc_nano.a
END GROUP
START GROUP
LOAD D:/STM32/CLT/STM32CubeCLT_1.20.0/GNU-tools-for-STM32/bin/../lib/gcc/arm-none-eabi/13.3.1/thumb/v7-m/nofp\libgcc.a
LOAD D:/STM32/CLT/STM32CubeCLT_1.20.0/GNU-tools-for-STM32/bin/../lib/gcc/arm-none-eabi/13.3.1/../../../../arm-none-eabi/lib/thumb/v7-m/nofp\libc_nano.a
END GROUP
LOAD D:/STM32/CLT/STM32CubeCLT_1.20.0/GNU-tools-for-STM32/bin/../lib/gcc/arm-none-eabi/13.3.1/thumb/v7-m/nofp/crtend.o
LOAD D:/STM32/CLT/STM32CubeCLT_1.20.0/GNU-tools-for-STM32/bin/../lib/gcc/arm-none-eabi/13.3.1/thumb/v7-m/nofp/crtn.o
                0x20005000                        _estack = (ORIGIN (RAM) + LENGTH (RAM))
                0x00002000                        _Min_Heap_Size = 0x2000
                0x00002000                        _Min_Stack_Size = 0x2000

.isr_vector     0x08000000      0x10c
                0x08000000                        . = ALIGN (0x4)
 *(.isr_vector)
 .isr_vector    0x08000000      0x10c CMakeFiles/armor.dir/startup_stm32f103xb.s.obj
                0x08000000                g_pfnVectors
                0x0800010c                        . = ALIGN (0x4)

.text           0x0800010c     0x4e7c
                0x0800010c                        . = ALIGN (0x4)
 *(.text)
 .text          0x0800010c       0x40 D:/STM32/CLT/STM32CubeCLT_1.20.0/GNU-tools-for-STM32/bin/../lib/gcc/arm-none-eabi/13.3.1/thumb/v7-m/nofp/crtbegin.o
 .text          0x0800014c      0x21c D:/STM32/CLT/STM32CubeCLT_1.20.0/GNU-tools-for-STM32/bin/../lib/gcc/arm-none-eabi/13.3.1/thumb/v7-m/nofp\libgcc.a(_arm_addsubsf3.o)
                0x0800014c                __aeabi_frsub
                0x08000154                __subsf3
                0x08000154                __aeabi_fsub
                0x08000158                __aeabi_fadd
                0x08000158                __addsf3
                0x080002b8                __aeabi_ui2f
                0x080002b8                __floatunsisf
                0x080002c0                __aeabi_i2f
                0x080002c0                __floatsisf
                0x080002dc                __aeabi_ul2f
                0x080002dc                __floatundisf
                0x080002ec                __aeabi_l2f
                0x080002ec                __floatdisf
 .text          0x08000368      0x2a0 D:/STM32/CLT/STM32CubeCLT_1.20.0/GNU-tools-for-STM32/bin/../lib/gcc/arm-none-eabi/13.3.1/thumb/v7-m/nofp\libgcc.a(_arm_muldivsf3.o)
                0x08000368                __mulsf3
                0x08000368                __aeabi_fmul
                0x080004d0                __aeabi_fdiv
                0x080004d0                __divsf3
 .text          0x08000608       0x40 D:/STM32/CLT/STM32CubeCLT_1.20.0/GNU-tools-for-STM32/bin/../lib/gcc/arm-none-eabi/13.3.1/thumb/v7-m/nofp\libgcc.a(_arm_fixunssfsi.o)
                0x08000608                __fixunssfsi
                0x08000608                __aeabi_f2uiz
 *(.text*)
 .text.SystemInit
                0x08000648        0xc cmake/stm32cubemx/CMakeFiles/STM32_Drivers.dir/__/__/Core/Src/system_stm32f1xx.c.obj
                0x08000648                SystemInit
 .text.HAL_CAN_Init
                0x08000654      0x1f6 cmake/stm32cubemx/CMakeFiles/STM32_Drivers.dir/__/__/Drivers/STM32F1xx_HAL_Driver/Src/stm32f1xx_hal_can.c.obj
                0x08000654                HAL_CAN_Init
 *fill*         0x0800084a        0x2 
 .text.HAL_Init
                0x0800084c       0x2c cmake/stm32cubemx/CMakeFiles/STM32_Drivers.dir/__/__/Drivers/STM32F1xx_HAL_Driver/Src/stm32f1xx_hal.c.obj
                0x0800084c                HAL_Init
 .text.HAL_InitTick
                0x08000878       0x60 cmake/stm32cubemx/CMakeFiles/STM32_Drivers.dir/__/__/Drivers/STM32F1xx_HAL_Driver/Src/stm32f1xx_hal.c.obj
                0x08000878                HAL_InitTick
 .text.HAL_IncTick
                0x080008d8       0x24 cmake/stm32cubemx/CMakeFiles/STM32_Drivers.dir/__/__/Drivers/STM32F1xx_HAL_Driver/Src/stm32f1xx_hal.c.obj
                0x080008d8                HAL_IncTick
 .text.HAL_GetTick
                0x080008fc       0x14 cmake/stm32cubemx/CMakeFiles/STM32_Drivers.dir/__/__/Drivers/STM32F1xx_HAL_Driver/Src/stm32f1xx_hal.c.obj
                0x080008fc                HAL_GetTick
 .text.HAL_RCC_OscConfig
                0x08000910      0x504 cmake/stm32cubemx/CMakeFiles/STM32_Drivers.dir/__/__/Drivers/STM32F1xx_HAL_Driver/Src/stm32f1xx_hal_rcc.c.obj
                0x08000910                HAL_RCC_OscConfig
 .text.HAL_RCC_ClockConfig
                0x08000e14      0x1d4 cmake/stm32cubemx/CMakeFiles/STM32_Drivers.dir/__/__/Drivers/STM32F1xx_HAL_Driver/Src/stm32f1xx_hal_rcc.c.obj
                0x08000e14                HAL_RCC_ClockConfig
 .text.HAL_RCC_GetSysClockFreq
                0x08000fe8       0xa8 cmake/stm32cubemx/CMakeFiles/STM32_Drivers.dir/__/__/Drivers/STM32F1xx_HAL_Driver/Src/stm32f1xx_hal_rcc.c.obj
                0x08000fe8                HAL_RCC_GetSysClockFreq
 .text.HAL_RCC_GetHCLKFreq
                0x08001090       0x14 cmake/stm32cubemx/CMakeFiles/STM32_Drivers.dir/__/__/Drivers/STM32F1xx_HAL_Driver/Src/stm32f1xx_hal_rcc.c.obj
                0x08001090                HAL_RCC_GetHCLKFreq
 .text.HAL_RCC_GetPCLK1Freq
                0x080010a4       0x28 cmake/stm32cubemx/CMakeFiles/STM32_Drivers.dir/__/__/Drivers/STM32F1xx_HAL_Driver/Src/stm32f1xx_hal_rcc.c.obj
                0x080010a4                HAL_RCC_GetPCLK1Freq
 .text.HAL_RCC_GetPCLK2Freq
                0x080010cc       0x28 cmake/stm32cubemx/CMakeFiles/STM32_Drivers.dir/__/__/Drivers/STM32F1xx_HAL_Driver/Src/stm32f1xx_hal_rcc.c.obj
                0x080010cc                HAL_RCC_GetPCLK2Freq
 .text.RCC_Delay
                0x080010f4       0x3c cmake/stm32cubemx/CMakeFiles/STM32_Drivers.dir/__/__/Drivers/STM32F1xx_HAL_Driver/Src/stm32f1xx_hal_rcc.c.obj
 .text.HAL_GPIO_Init
                0x08001130      0x308 cmake/stm32cubemx/CMakeFiles/STM32_Drivers.dir/__/__/Drivers/STM32F1xx_HAL_Driver/Src/stm32f1xx_hal_gpio.c.obj
                0x08001130                HAL_GPIO_Init
 .text.HAL_GPIO_ReadPin
                0x08001438       0x2e cmake/stm32cubemx/CMakeFiles/STM32_Drivers.dir/__/__/Drivers/STM32F1xx_HAL_Driver/Src/stm32f1xx_hal_gpio.c.obj
                0x08001438                HAL_GPIO_ReadPin
 .text.HAL_GPIO_WritePin
                0x08001466       0x30 cmake/stm32cubemx/CMakeFiles/STM32_Drivers.dir/__/__/Drivers/STM32F1xx_HAL_Driver/Src/stm32f1xx_hal_gpio.c.obj
                0x08001466                HAL_GPIO_WritePin
 *fill*         0x08001496        0x2 
 .text.HAL_DMA_Init
                0x08001498       0xb4 cmake/stm32cubemx/CMakeFiles/STM32_Drivers.dir/__/__/Drivers/STM32F1xx_HAL_Driver/Src/stm32f1xx_hal_dma.c.obj
                0x08001498                HAL_DMA_Init
 .text.HAL_DMA_Start_IT
                0x0800154c       0xc0 cmake/stm32cubemx/CMakeFiles/STM32_Drivers.dir/__/__/Drivers/STM32F1xx_HAL_Driver/Src/stm32f1xx_hal_dma.c.obj
                0x0800154c                HAL_DMA_Start_IT
 .text.HAL_DMA_Abort
                0x0800160c       0x76 cmake/stm32cubemx/CMakeFiles/STM32_Drivers.dir/__/__/Drivers/STM32F1xx_HAL_Driver/Src/stm32f1xx_hal_dma.c.obj
                0x0800160c                HAL_DMA_Abort
 *fill*         0x08001682        0x2 
 .text.HAL_DMA_Abort_IT
                0x08001684       0xf0 cmake/stm32cubemx/CMakeFiles/STM32_Drivers.dir/__/__/Drivers/STM32F1xx_HAL_Driver/Src/stm32f1xx_hal_dma.c.obj
                0x08001684                HAL_DMA_Abort_IT
 .text.HAL_DMA_IRQHandler
                0x08001774      0x20c cmake/stm32cubemx/CMakeFiles/STM32_Drivers.dir/__/__/Drivers/STM32F1xx_HAL_Driver/Src/stm32f1xx_hal_dma.c.obj
                0x08001774                HAL_DMA_IRQHandler
 .text.DMA_SetConfig
                0x08001980       0x5a cmake/stm32cubemx/CMakeFiles/STM32_Drivers.dir/__/__/Drivers/STM32F1xx_HAL_Driver/Src/stm32f1xx_hal_dma.c.obj
 *fill*         0x080019da        0x2 
 .text.__NVIC_SetPriorityGrouping
                0x080019dc       0x48 cmake/stm32cubemx/CMakeFiles/STM32_Drivers.dir/__/__/Drivers/STM32F1xx_HAL_Driver/Src/stm32f1xx_hal_cortex.c.obj
 .text.__NVIC_GetPriorityGrouping
                0x08001a24       0x1c cmake/stm32cubemx/CMakeFiles/STM32_Drivers.dir/__/__/Drivers/STM32F1xx_HAL_Driver/Src/stm32f1xx_hal_cortex.c.obj
 .text.__NVIC_EnableIRQ
                0x08001a40       0x38 cmake/stm32cubemx/CMakeFiles/STM32_Drivers.dir/__/__/Drivers/STM32F1xx_HAL_Driver/Src/stm32f1xx_hal_cortex.c.obj
 .text.__NVIC_SetPriority
                0x08001a78       0x54 cmake/stm32cubemx/CMakeFiles/STM32_Drivers.dir/__/__/Drivers/STM32F1xx_HAL_Driver/Src/stm32f1xx_hal_cortex.c.obj
 .text.NVIC_EncodePriority
                0x08001acc       0x64 cmake/stm32cubemx/CMakeFiles/STM32_Drivers.dir/__/__/Drivers/STM32F1xx_HAL_Driver/Src/stm32f1xx_hal_cortex.c.obj
 .text.SysTick_Config
                0x08001b30       0x44 cmake/stm32cubemx/CMakeFiles/STM32_Drivers.dir/__/__/Drivers/STM32F1xx_HAL_Driver/Src/stm32f1xx_hal_cortex.c.obj
 .text.HAL_NVIC_SetPriorityGrouping
                0x08001b74       0x16 cmake/stm32cubemx/CMakeFiles/STM32_Drivers.dir/__/__/Drivers/STM32F1xx_HAL_Driver/Src/stm32f1xx_hal_cortex.c.obj
                0x08001b74                HAL_NVIC_SetPriorityGrouping
 .text.HAL_NVIC_SetPriority
                0x08001b8a       0x38 cmake/stm32cubemx/CMakeFiles/STM32_Drivers.dir/__/__/Drivers/STM32F1xx_HAL_Driver/Src/stm32f1xx_hal_cortex.c.obj
                0x08001b8a                HAL_NVIC_SetPriority
 .text.HAL_NVIC_EnableIRQ
                0x08001bc2       0x1c cmake/stm32cubemx/CMakeFiles/STM32_Drivers.dir/__/__/Drivers/STM32F1xx_HAL_Driver/Src/stm32f1xx_hal_cortex.c.obj
                0x08001bc2                HAL_NVIC_EnableIRQ
 .text.HAL_SYSTICK_Config
                0x08001bde       0x18 cmake/stm32cubemx/CMakeFiles/STM32_Drivers.dir/__/__/Drivers/STM32F1xx_HAL_Driver/Src/stm32f1xx_hal_cortex.c.obj
                0x08001bde                HAL_SYSTICK_Config
 *fill*         0x08001bf6        0x2 
 .text.HAL_I2C_Init
                0x08001bf8      0x288 cmake/stm32cubemx/CMakeFiles/STM32_Drivers.dir/__/__/Drivers/STM32F1xx_HAL_Driver/Src/stm32f1xx_hal_i2c.c.obj
                0x08001bf8                HAL_I2C_Init
 .text.HAL_TIM_Base_Init
                0x08001e80       0x9e cmake/stm32cubemx/CMakeFiles/STM32_Drivers.dir/__/__/Drivers/STM32F1xx_HAL_Driver/Src/stm32f1xx_hal_tim.c.obj
                0x08001e80                HAL_TIM_Base_Init
 .text.HAL_TIM_PWM_Init
                0x08001f1e       0x9e cmake/stm32cubemx/CMakeFiles/STM32_Drivers.dir/__/__/Drivers/STM32F1xx_HAL_Driver/Src/stm32f1xx_hal_tim.c.obj
                0x08001f1e                HAL_TIM_PWM_Init
 .text.HAL_TIM_PWM_MspInit
                0x08001fbc       0x12 cmake/stm32cubemx/CMakeFiles/STM32_Drivers.dir/__/__/Drivers/STM32F1xx_HAL_Driver/Src/stm32f1xx_hal_tim.c.obj
                0x08001fbc                HAL_TIM_PWM_MspInit
 *fill*         0x08001fce        0x2 
 .text.HAL_TIM_PWM_Start_DMA
                0x08001fd0      0x344 cmake/stm32cubemx/CMakeFiles/STM32_Drivers.dir/__/__/Drivers/STM32F1xx_HAL_Driver/Src/stm32f1xx_hal_tim.c.obj
                0x08001fd0                HAL_TIM_PWM_Start_DMA
 .text.HAL_TIM_PWM_ConfigChannel
                0x08002314      0x184 cmake/stm32cubemx/CMakeFiles/STM32_Drivers.dir/__/__/Drivers/STM32F1xx_HAL_Driver/Src/stm32f1xx_hal_tim.c.obj
                0x08002314                HAL_TIM_PWM_ConfigChannel
 .text.HAL_TIM_ConfigClockSource
                0x08002498      0x18e cmake/stm32cubemx/CMakeFiles/STM32_Drivers.dir/__/__/Drivers/STM32F1xx_HAL_Driver/Src/stm32f1xx_hal_tim.c.obj
                0x08002498                HAL_TIM_ConfigClockSource
 .text.HAL_TIM_PWM_PulseFinishedCallback
                0x08002626       0x12 cmake/stm32cubemx/CMakeFiles/STM32_Drivers.dir/__/__/Drivers/STM32F1xx_HAL_Driver/Src/stm32f1xx_hal_tim.c.obj
                0x08002626                HAL_TIM_PWM_PulseFinishedCallback
 .text.HAL_TIM_PWM_PulseFinishedHalfCpltCallback
                0x08002638       0x12 cmake/stm32cubemx/CMakeFiles/STM32_Drivers.dir/__/__/Drivers/STM32F1xx_HAL_Driver/Src/stm32f1xx_hal_tim.c.obj
                0x08002638                HAL_TIM_PWM_PulseFinishedHalfCpltCallback
 .text.HAL_TIM_ErrorCallback
                0x0800264a       0x12 cmake/stm32cubemx/CMakeFiles/STM32_Drivers.dir/__/__/Drivers/STM32F1xx_HAL_Driver/Src/stm32f1xx_hal_tim.c.obj
                0x0800264a                HAL_TIM_ErrorCallback
 .text.TIM_DMAError
                0x0800265c       0x92 cmake/stm32cubemx/CMakeFiles/STM32_Drivers.dir/__/__/Drivers/STM32F1xx_HAL_Driver/Src/stm32f1xx_hal_tim.c.obj
                0x0800265c                TIM_DMAError
 .text.TIM_DMADelayPulseCplt
                0x080026ee       0xa8 cmake/stm32cubemx/CMakeFiles/STM32_Drivers.dir/__/__/Drivers/STM32F1xx_HAL_Driver/Src/stm32f1xx_hal_tim.c.obj
 .text.TIM_DMADelayPulseHalfCplt
                0x08002796       0x68 cmake/stm32cubemx/CMakeFiles/STM32_Drivers.dir/__/__/Drivers/STM32F1xx_HAL_Driver/Src/stm32f1xx_hal_tim.c.obj
                0x08002796                TIM_DMADelayPulseHalfCplt
 *fill*         0x080027fe        0x2 
 .text.TIM_Base_SetConfig
                0x08002800       0xdc cmake/stm32cubemx/CMakeFiles/STM32_Drivers.dir/__/__/Drivers/STM32F1xx_HAL_Driver/Src/stm32f1xx_hal_tim.c.obj
                0x08002800                TIM_Base_SetConfig
 .text.TIM_OC1_SetConfig
                0x080028dc       0xcc cmake/stm32cubemx/CMakeFiles/STM32_Drivers.dir/__/__/Drivers/STM32F1xx_HAL_Driver/Src/stm32f1xx_hal_tim.c.obj
 .text.TIM_OC2_SetConfig
                0x080029a8       0xd4 cmake/stm32cubemx/CMakeFiles/STM32_Drivers.dir/__/__/Drivers/STM32F1xx_HAL_Driver/Src/stm32f1xx_hal_tim.c.obj
                0x080029a8                TIM_OC2_SetConfig
 .text.TIM_OC3_SetConfig
                0x08002a7c       0xd4 cmake/stm32cubemx/CMakeFiles/STM32_Drivers.dir/__/__/Drivers/STM32F1xx_HAL_Driver/Src/stm32f1xx_hal_tim.c.obj
 .text.TIM_OC4_SetConfig
                0x08002b50       0x9c cmake/stm32cubemx/CMakeFiles/STM32_Drivers.dir/__/__/Drivers/STM32F1xx_HAL_Driver/Src/stm32f1xx_hal_tim.c.obj
 .text.TIM_TI1_ConfigInputStage
                0x08002bec       0x5c cmake/stm32cubemx/CMakeFiles/STM32_Drivers.dir/__/__/Drivers/STM32F1xx_HAL_Driver/Src/stm32f1xx_hal_tim.c.obj
 .text.TIM_TI2_ConfigInputStage
                0x08002c48       0x5e cmake/stm32cubemx/CMakeFiles/STM32_Drivers.dir/__/__/Drivers/STM32F1xx_HAL_Driver/Src/stm32f1xx_hal_tim.c.obj
 .text.TIM_ITRx_SetConfig
                0x08002ca6       0x34 cmake/stm32cubemx/CMakeFiles/STM32_Drivers.dir/__/__/Drivers/STM32F1xx_HAL_Driver/Src/stm32f1xx_hal_tim.c.obj
 .text.TIM_ETR_SetConfig
                0x08002cda       0x3e cmake/stm32cubemx/CMakeFiles/STM32_Drivers.dir/__/__/Drivers/STM32F1xx_HAL_Driver/Src/stm32f1xx_hal_tim.c.obj
                0x08002cda                TIM_ETR_SetConfig
 .text.TIM_CCxChannelCmd
                0x08002d18       0x48 cmake/stm32cubemx/CMakeFiles/STM32_Drivers.dir/__/__/Drivers/STM32F1xx_HAL_Driver/Src/stm32f1xx_hal_tim.c.obj
                0x08002d18                TIM_CCxChannelCmd
 .text.HAL_TIMEx_MasterConfigSynchronization
                0x08002d60       0xbc cmake/stm32cubemx/CMakeFiles/STM32_Drivers.dir/__/__/Drivers/STM32F1xx_HAL_Driver/Src/stm32f1xx_hal_tim_ex.c.obj
                0x08002d60                HAL_TIMEx_MasterConfigSynchronization
 .text.HAL_UART_Init
                0x08002e1c       0xa0 cmake/stm32cubemx/CMakeFiles/STM32_Drivers.dir/__/__/Drivers/STM32F1xx_HAL_Driver/Src/stm32f1xx_hal_uart.c.obj
                0x08002e1c                HAL_UART_Init
 .text.HAL_UART_Transmit
                0x08002ebc      0x116 cmake/stm32cubemx/CMakeFiles/STM32_Drivers.dir/__/__/Drivers/STM32F1xx_HAL_Driver/Src/stm32f1xx_hal_uart.c.obj
                0x08002ebc                HAL_UART_Transmit
 *fill*         0x08002fd2        0x2 
 .text.HAL_UART_IRQHandler
                0x08002fd4      0x524 cmake/stm32cubemx/CMakeFiles/STM32_Drivers.dir/__/__/Drivers/STM32F1xx_HAL_Driver/Src/stm32f1xx_hal_uart.c.obj
                0x08002fd4                HAL_UART_IRQHandler
 .text.HAL_UART_TxCpltCallback
                0x080034f8       0x12 cmake/stm32cubemx/CMakeFiles/STM32_Drivers.dir/__/__/Drivers/STM32F1xx_HAL_Driver/Src/stm32f1xx_hal_uart.c.obj
                0x080034f8                HAL_UART_TxCpltCallback
 .text.HAL_UART_RxCpltCallback
                0x0800350a       0x12 cmake/stm32cubemx/CMakeFiles/STM32_Drivers.dir/__/__/Drivers/STM32F1xx_HAL_Driver/Src/stm32f1xx_hal_uart.c.obj
                0x0800350a                HAL_UART_RxCpltCallback
 .text.HAL_UART_ErrorCallback
                0x0800351c       0x12 cmake/stm32cubemx/CMakeFiles/STM32_Drivers.dir/__/__/Drivers/STM32F1xx_HAL_Driver/Src/stm32f1xx_hal_uart.c.obj
                0x0800351c                HAL_UART_ErrorCallback
 .text.HAL_UARTEx_RxEventCallback
                0x0800352e       0x16 cmake/stm32cubemx/CMakeFiles/STM32_Drivers.dir/__/__/Drivers/STM32F1xx_HAL_Driver/Src/stm32f1xx_hal_uart.c.obj
                0x0800352e                HAL_UARTEx_RxEventCallback
 .text.UART_WaitOnFlagUntilTimeout
                0x08003544       0xb2 cmake/stm32cubemx/CMakeFiles/STM32_Drivers.dir/__/__/Drivers/STM32F1xx_HAL_Driver/Src/stm32f1xx_hal_uart.c.obj
 .text.UART_EndRxTransfer
                0x080035f6       0xc4 cmake/stm32cubemx/CMakeFiles/STM32_Drivers.dir/__/__/Drivers/STM32F1xx_HAL_Driver/Src/stm32f1xx_hal_uart.c.obj
 .text.UART_DMAAbortOnError
                0x080036ba       0x28 cmake/stm32cubemx/CMakeFiles/STM32_Drivers.dir/__/__/Drivers/STM32F1xx_HAL_Driver/Src/stm32f1xx_hal_uart.c.obj
 .text.UART_Transmit_IT
                0x080036e2       0x9e cmake/stm32cubemx/CMakeFiles/STM32_Drivers.dir/__/__/Drivers/STM32F1xx_HAL_Driver/Src/stm32f1xx_hal_uart.c.obj
 .text.UART_EndTransmit_IT
                0x08003780       0x30 cmake/stm32cubemx/CMakeFiles/STM32_Drivers.dir/__/__/Drivers/STM32F1xx_HAL_Driver/Src/stm32f1xx_hal_uart.c.obj
 .text.UART_Receive_IT
                0x080037b0      0x17c cmake/stm32cubemx/CMakeFiles/STM32_Drivers.dir/__/__/Drivers/STM32F1xx_HAL_Driver/Src/stm32f1xx_hal_uart.c.obj
 .text.UART_SetConfig
                0x0800392c      0x11c cmake/stm32cubemx/CMakeFiles/STM32_Drivers.dir/__/__/Drivers/STM32F1xx_HAL_Driver/Src/stm32f1xx_hal_uart.c.obj
 .text.main     0x08003a48       0x70 CMakeFiles/armor.dir/Core/Src/main.c.obj
                0x08003a48                main
 .text.SystemClock_Config
                0x08003ab8       0x8a CMakeFiles/armor.dir/Core/Src/main.c.obj
                0x08003ab8                SystemClock_Config
 .text.Error_Handler
                0x08003b42        0xc CMakeFiles/armor.dir/Core/Src/main.c.obj
                0x08003b42                Error_Handler
 *fill*         0x08003b4e        0x2 
 .text.MX_GPIO_Init
                0x08003b50       0xf8 CMakeFiles/armor.dir/Core/Src/gpio.c.obj
                0x08003b50                MX_GPIO_Init
 .text.MX_CAN_Init
                0x08003c48       0x6c CMakeFiles/armor.dir/Core/Src/can.c.obj
                0x08003c48                MX_CAN_Init
 .text.HAL_CAN_MspInit
                0x08003cb4       0x98 CMakeFiles/armor.dir/Core/Src/can.c.obj
                0x08003cb4                HAL_CAN_MspInit
 .text.MX_DMA_Init
                0x08003d4c       0x6c CMakeFiles/armor.dir/Core/Src/dma.c.obj
                0x08003d4c                MX_DMA_Init
 .text.MX_I2C1_Init
                0x08003db8       0x5c CMakeFiles/armor.dir/Core/Src/i2c.c.obj
                0x08003db8                MX_I2C1_Init
 .text.HAL_I2C_MspInit
                0x08003e14       0xa0 CMakeFiles/armor.dir/Core/Src/i2c.c.obj
                0x08003e14                HAL_I2C_MspInit
 .text.MX_TIM3_Init
                0x08003eb4       0xec CMakeFiles/armor.dir/Core/Src/tim.c.obj
                0x08003eb4                MX_TIM3_Init
 .text.MX_TIM4_Init
                0x08003fa0       0xec CMakeFiles/armor.dir/Core/Src/tim.c.obj
                0x08003fa0                MX_TIM4_Init
 .text.HAL_TIM_Base_MspInit
                0x0800408c      0x124 CMakeFiles/armor.dir/Core/Src/tim.c.obj
                0x0800408c                HAL_TIM_Base_MspInit
 .text.HAL_TIM_MspPostInit
                0x080041b0       0xa4 CMakeFiles/armor.dir/Core/Src/tim.c.obj
                0x080041b0                HAL_TIM_MspPostInit
 .text.MX_USART1_UART_Init
                0x08004254       0x54 CMakeFiles/armor.dir/Core/Src/usart.c.obj
                0x08004254                MX_USART1_UART_Init
 .text.MX_USART3_UART_Init
                0x080042a8       0x54 CMakeFiles/armor.dir/Core/Src/usart.c.obj
                0x080042a8                MX_USART3_UART_Init
 .text.HAL_UART_MspInit
                0x080042fc      0x1cc CMakeFiles/armor.dir/Core/Src/usart.c.obj
                0x080042fc                HAL_UART_MspInit
 .text.NMI_Handler
                0x080044c8        0x8 CMakeFiles/armor.dir/Core/Src/stm32f1xx_it.c.obj
                0x080044c8                NMI_Handler
 .text.HardFault_Handler
                0x080044d0        0x8 CMakeFiles/armor.dir/Core/Src/stm32f1xx_it.c.obj
                0x080044d0                HardFault_Handler
 .text.MemManage_Handler
                0x080044d8        0x8 CMakeFiles/armor.dir/Core/Src/stm32f1xx_it.c.obj
                0x080044d8                MemManage_Handler
 .text.BusFault_Handler
                0x080044e0        0x8 CMakeFiles/armor.dir/Core/Src/stm32f1xx_it.c.obj
                0x080044e0                BusFault_Handler
 .text.UsageFault_Handler
                0x080044e8        0x8 CMakeFiles/armor.dir/Core/Src/stm32f1xx_it.c.obj
                0x080044e8                UsageFault_Handler
 .text.SVC_Handler
                0x080044f0        0xc CMakeFiles/armor.dir/Core/Src/stm32f1xx_it.c.obj
                0x080044f0                SVC_Handler
 .text.DebugMon_Handler
                0x080044fc        0xc CMakeFiles/armor.dir/Core/Src/stm32f1xx_it.c.obj
                0x080044fc                DebugMon_Handler
 .text.PendSV_Handler
                0x08004508        0xc CMakeFiles/armor.dir/Core/Src/stm32f1xx_it.c.obj
                0x08004508                PendSV_Handler
 .text.SysTick_Handler
                0x08004514        0xc CMakeFiles/armor.dir/Core/Src/stm32f1xx_it.c.obj
                0x08004514                SysTick_Handler
 .text.DMA1_Channel1_IRQHandler
                0x08004520       0x14 CMakeFiles/armor.dir/Core/Src/stm32f1xx_it.c.obj
                0x08004520                DMA1_Channel1_IRQHandler
 .text.DMA1_Channel3_IRQHandler
                0x08004534       0x14 CMakeFiles/armor.dir/Core/Src/stm32f1xx_it.c.obj
                0x08004534                DMA1_Channel3_IRQHandler
 .text.DMA1_Channel4_IRQHandler
                0x08004548       0x14 CMakeFiles/armor.dir/Core/Src/stm32f1xx_it.c.obj
                0x08004548                DMA1_Channel4_IRQHandler
 .text.DMA1_Channel5_IRQHandler
                0x0800455c       0x14 CMakeFiles/armor.dir/Core/Src/stm32f1xx_it.c.obj
                0x0800455c                DMA1_Channel5_IRQHandler
 .text.USART1_IRQHandler
                0x08004570       0x14 CMakeFiles/armor.dir/Core/Src/stm32f1xx_it.c.obj
                0x08004570                USART1_IRQHandler
 .text.HAL_MspInit
                0x08004584       0x64 CMakeFiles/armor.dir/Core/Src/stm32f1xx_hal_msp.c.obj
                0x08004584                HAL_MspInit
 .text.Reset_Handler
                0x080045e8       0x48 CMakeFiles/armor.dir/startup_stm32f103xb.s.obj
                0x080045e8                Reset_Handler
 .text.Default_Handler
                0x08004630        0x2 CMakeFiles/armor.dir/startup_stm32f103xb.s.obj
                0x08004630                RTC_Alarm_IRQHandler
                0x08004630                EXTI2_IRQHandler
                0x08004630                TIM1_CC_IRQHandler
                0x08004630                PVD_IRQHandler
                0x08004630                EXTI3_IRQHandler
                0x08004630                EXTI0_IRQHandler
                0x08004630                I2C2_EV_IRQHandler
                0x08004630                ADC1_2_IRQHandler
                0x08004630                SPI1_IRQHandler
                0x08004630                TAMPER_IRQHandler
                0x08004630                USART3_IRQHandler
                0x08004630                RTC_IRQHandler
                0x08004630                DMA1_Channel7_IRQHandler
                0x08004630                CAN1_RX1_IRQHandler
                0x08004630                TIM4_IRQHandler
                0x08004630                I2C1_EV_IRQHandler
                0x08004630                DMA1_Channel6_IRQHandler
                0x08004630                TIM3_IRQHandler
                0x08004630                RCC_IRQHandler
                0x08004630                TIM1_TRG_COM_IRQHandler
                0x08004630                Default_Handler
                0x08004630                EXTI15_10_IRQHandler
                0x08004630                EXTI9_5_IRQHandler
                0x08004630                SPI2_IRQHandler
                0x08004630                EXTI4_IRQHandler
                0x08004630                USB_LP_CAN1_RX0_IRQHandler
                0x08004630                USB_HP_CAN1_TX_IRQHandler
                0x08004630                TIM1_UP_IRQHandler
                0x08004630                WWDG_IRQHandler
                0x08004630                TIM2_IRQHandler
                0x08004630                TIM1_BRK_IRQHandler
                0x08004630                EXTI1_IRQHandler
                0x08004630                USART2_IRQHandler
                0x08004630                I2C2_ER_IRQHandler
                0x08004630                DMA1_Channel2_IRQHandler
                0x08004630                CAN1_SCE_IRQHandler
                0x08004630                FLASH_IRQHandler
                0x08004630                I2C1_ER_IRQHandler
                0x08004630                USBWakeUp_IRQHandler
 *fill*         0x08004632        0x2 
 .text.DWT_Init
                0x08004634       0x88 CMakeFiles/armor.dir/BSP/bsp_dwt.c.obj
                0x08004634                DWT_Init
 .text.DWT_Delay_us
                0x080046bc       0x40 CMakeFiles/armor.dir/BSP/bsp_dwt.c.obj
                0x080046bc                DWT_Delay_us
 .text.DWT_Delay_ms
                0x080046fc       0x20 CMakeFiles/armor.dir/BSP/bsp_dwt.c.obj
                0x080046fc                DWT_Delay_ms
 .text.hx711_read
                0x0800471c      0x2ac CMakeFiles/armor.dir/BSP/hx711.c.obj
                0x0800471c                hx711_read
 .text.get_hit  0x080049c8       0x58 CMakeFiles/armor.dir/BSP/hx711.c.obj
                0x080049c8                get_hit
 .text.Data_Transmit
                0x08004a20       0x48 CMakeFiles/armor.dir/BSP/sk6812.c.obj
                0x08004a20                Data_Transmit
 .text.Set_SINGLE_LED_RGB
                0x08004a68       0x80 CMakeFiles/armor.dir/BSP/sk6812.c.obj
                0x08004a68                Set_SINGLE_LED_RGB
 .text.SK6812_LEDS_Set
                0x08004ae8       0xf8 CMakeFiles/armor.dir/BSP/sk6812.c.obj
                0x08004ae8                SK6812_LEDS_Set
 .text.SK6812_LEDS_Reset
                0x08004be0       0x58 CMakeFiles/armor.dir/BSP/sk6812.c.obj
                0x08004be0                SK6812_LEDS_Reset
 .text.SK6812_LEDS_Blink
                0x08004c38       0x3a CMakeFiles/armor.dir/BSP/sk6812.c.obj
                0x08004c38                SK6812_LEDS_Blink
 .text.SK6812_Init
                0x08004c72       0x14 CMakeFiles/armor.dir/BSP/sk6812.c.obj
                0x08004c72                SK6812_Init
 *fill*         0x08004c86        0x2 
 .text.SK6812_LEDS_Task
                0x08004c88       0x5c CMakeFiles/armor.dir/BSP/sk6812.c.obj
                0x08004c88                SK6812_LEDS_Task
 .text.SK6812_LEDS_Flow
                0x08004ce4      0x234 CMakeFiles/armor.dir/BSP/sk6812.c.obj
                0x08004ce4                SK6812_LEDS_Flow
 .text.memset   0x08004f18       0x10 D:/STM32/CLT/STM32CubeCLT_1.20.0/GNU-tools-for-STM32/bin/../lib/gcc/arm-none-eabi/13.3.1/../../../../arm-none-eabi/lib/thumb/v7-m/nofp\libg_nano.a(libc_a-memset.o)
                0x08004f18                memset
 .text.__libc_init_array
                0x08004f28       0x48 D:/STM32/CLT/STM32CubeCLT_1.20.0/GNU-tools-for-STM32/bin/../lib/gcc/arm-none-eabi/13.3.1/../../../../arm-none-eabi/lib/thumb/v7-m/nofp\libg_nano.a(libc_a-init.o)
                0x08004f28                __libc_init_array
 *(.glue_7)
 .glue_7        0x08004f70        0x0 linker stubs
 *(.glue_7t)
 .glue_7t       0x08004f70        0x0 linker stubs
 *(.eh_frame)
 .eh_frame      0x08004f70        0x0 D:/STM32/CLT/STM32CubeCLT_1.20.0/GNU-tools-for-STM32/bin/../lib/gcc/arm-none-eabi/13.3.1/thumb/v7-m/nofp/crtbegin.o
 *(.init)
 .init          0x08004f70        0x4 D:/STM32/CLT/STM32CubeCLT_1.20.0/GNU-tools-for-STM32/bin/../lib/gcc/arm-none-eabi/13.3.1/thumb/v7-m/nofp/crti.o
                0x08004f70                _init
 .init          0x08004f74        0x8 D:/STM32/CLT/STM32CubeCLT_1.20.0/GNU-tools-for-STM32/bin/../lib/gcc/arm-none-eabi/13.3.1/thumb/v7-m/nofp/crtn.o
 *(.fini)
 .fini          0x08004f7c        0x4 D:/STM32/CLT/STM32CubeCLT_1.20.0/GNU-tools-for-STM32/bin/../lib/gcc/arm-none-eabi/13.3.1/thumb/v7-m/nofp/crti.o
                0x08004f7c                _fini
 .fini          0x08004f80        0x8 D:/STM32/CLT/STM32CubeCLT_1.20.0/GNU-tools-for-STM32/bin/../lib/gcc/arm-none-eabi/13.3.1/thumb/v7-m/nofp/crtn.o
                0x08004f88                        . = ALIGN (0x4)
                0x08004f88                        _etext = .

.vfp11_veneer   0x08004f88        0x0
 .vfp11_veneer  0x08004f88        0x0 linker stubs

.v4_bx          0x08004f88        0x0
 .v4_bx         0x08004f88        0x0 linker stubs

.iplt           0x08004f88        0x0
 .iplt          0x08004f88        0x0 D:/STM32/CLT/STM32CubeCLT_1.20.0/GNU-tools-for-STM32/bin/../lib/gcc/arm-none-eabi/13.3.1/thumb/v7-m/nofp/crtbegin.o

.rodata         0x08004f88       0x40
                0x08004f88                        . = ALIGN (0x4)
 *(.rodata)
 *(.rodata*)
 .rodata.AHBPrescTable
                0x08004f88       0x10 cmake/stm32cubemx/CMakeFiles/STM32_Drivers.dir/__/__/Core/Src/system_stm32f1xx.c.obj
                0x08004f88                AHBPrescTable
 .rodata.APBPrescTable
                0x08004f98        0x8 cmake/stm32cubemx/CMakeFiles/STM32_Drivers.dir/__/__/Core/Src/system_stm32f1xx.c.obj
                0x08004f98                APBPrescTable
 .rodata.aPLLMULFactorTable.1
                0x08004fa0       0x10 cmake/stm32cubemx/CMakeFiles/STM32_Drivers.dir/__/__/Drivers/STM32F1xx_HAL_Driver/Src/stm32f1xx_hal_rcc.c.obj
 .rodata.aPredivFactorTable.0
                0x08004fb0        0x2 cmake/stm32cubemx/CMakeFiles/STM32_Drivers.dir/__/__/Drivers/STM32F1xx_HAL_Driver/Src/stm32f1xx_hal_rcc.c.obj
 *fill*         0x08004fb2        0x2 
 .rodata.hx711_work
                0x08004fb4        0x4 CMakeFiles/armor.dir/BSP/hx711.c.obj
                0x08004fb4                hx711_work
 .rodata.hx711_hit_threshold
                0x08004fb8       0x10 CMakeFiles/armor.dir/BSP/hx711.c.obj
                0x08004fb8                hx711_hit_threshold
                0x08004fc8                        . = ALIGN (0x4)

.ARM.extab      0x08004fc8        0x0
                0x08004fc8                        . = ALIGN (0x4)
 *(.ARM.extab* .gnu.linkonce.armextab.*)
                0x08004fc8                        . = ALIGN (0x4)

.ARM            0x08004fc8        0x0
                0x08004fc8                        . = ALIGN (0x4)
                0x08004fc8                        __exidx_start = .
 *(.ARM.exidx*)
                0x08004fc8                        __exidx_end = .
                0x08004fc8                        . = ALIGN (0x4)

.preinit_array  0x08004fc8        0x0
                0x08004fc8                        . = ALIGN (0x4)
                0x08004fc8                        PROVIDE (__preinit_array_start = .)
 *(.preinit_array*)
                0x08004fc8                        PROVIDE (__preinit_array_end = .)
                0x08004fc8                        . = ALIGN (0x4)

.init_array     0x08004fc8        0x4
                0x08004fc8                        . = ALIGN (0x4)
                0x08004fc8                        PROVIDE (__init_array_start = .)
 *(SORT_BY_NAME(.init_array.*))
 *(.init_array*)
 .init_array    0x08004fc8        0x4 D:/STM32/CLT/STM32CubeCLT_1.20.0/GNU-tools-for-STM32/bin/../lib/gcc/arm-none-eabi/13.3.1/thumb/v7-m/nofp/crtbegin.o
                0x08004fcc                        PROVIDE (__init_array_end = .)
                0x08004fcc                        . = ALIGN (0x4)

.fini_array     0x08004fcc        0x4
                0x08004fcc                        . = ALIGN (0x4)
                [!provide]                        PROVIDE (__fini_array_start = .)
 *(SORT_BY_NAME(.fini_array.*))
 *(.fini_array*)
 .fini_array    0x08004fcc        0x4 D:/STM32/CLT/STM32CubeCLT_1.20.0/GNU-tools-for-STM32/bin/../lib/gcc/arm-none-eabi/13.3.1/thumb/v7-m/nofp/crtbegin.o
                [!provide]                        PROVIDE (__fini_array_end = .)
                0x08004fd0                        . = ALIGN (0x4)
                0x08004fd0                        _sidata = LOADADDR (.data)

.rel.dyn        0x08004fd0        0x0
 .rel.iplt      0x08004fd0        0x0 D:/STM32/CLT/STM32CubeCLT_1.20.0/GNU-tools-for-STM32/bin/../lib/gcc/arm-none-eabi/13.3.1/thumb/v7-m/nofp/crtbegin.o

.data           0x20000000       0x28 load address 0x08004fd0
                0x20000000                        . = ALIGN (0x4)
                0x20000000                        _sdata = .
 *(.data)
 *(.data*)
 .data.SystemCoreClock
                0x20000000        0x4 cmake/stm32cubemx/CMakeFiles/STM32_Drivers.dir/__/__/Core/Src/system_stm32f1xx.c.obj
                0x20000000                SystemCoreClock
 .data.uwTickPrio
                0x20000004        0x4 cmake/stm32cubemx/CMakeFiles/STM32_Drivers.dir/__/__/Drivers/STM32F1xx_HAL_Driver/Src/stm32f1xx_hal.c.obj
                0x20000004                uwTickPrio
 .data.uwTickFreq
                0x20000008        0x1 cmake/stm32cubemx/CMakeFiles/STM32_Drivers.dir/__/__/Drivers/STM32F1xx_HAL_Driver/Src/stm32f1xx_hal.c.obj
                0x20000008                uwTickFreq
 .data.light_on
                0x20000009        0x1 CMakeFiles/armor.dir/BSP/sk6812.c.obj
                0x20000009                light_on
 *fill*         0x2000000a        0x2 
 .data.RGB_flow_color
                0x2000000c       0x1c CMakeFiles/armor.dir/BSP/sk6812.c.obj
                0x2000000c                RGB_flow_color
 *(.RamFunc)
 *(.RamFunc*)
                0x20000028                        . = ALIGN (0x4)

.igot.plt       0x20000028        0x0 load address 0x08004ff8
 .igot.plt      0x20000028        0x0 D:/STM32/CLT/STM32CubeCLT_1.20.0/GNU-tools-for-STM32/bin/../lib/gcc/arm-none-eabi/13.3.1/thumb/v7-m/nofp/crtbegin.o

.tdata          0x20000028        0x0 load address 0x08004ff8
 *(.tdata .tdata.* .gnu.linkonce.td.*)
                0x20000028                        . = ALIGN (0x4)
                0x20000028                        _edata = .
                [!provide]                        PROVIDE (__data_end = .)
                [!provide]                        PROVIDE (__tdata_end = .)
                [!provide]                        PROVIDE (__tdata_start = ADDR (.tdata))
                [!provide]                        PROVIDE (__tdata_size = (__tdata_end - __tdata_start))
                [!provide]                        PROVIDE (__data_start = ADDR (.data))
                [!provide]                        PROVIDE (__data_size = (__data_end - __data_start))
                [!provide]                        PROVIDE (__tdata_source = LOADADDR (.tdata))
                [!provide]                        PROVIDE (__tdata_source_end = (LOADADDR (.tdata) + SIZEOF (.tdata)))
                [!provide]                        PROVIDE (__tdata_source_size = (__tdata_source_end - __tdata_source))
                [!provide]                        PROVIDE (__data_source = LOADADDR (.data))
                [!provide]                        PROVIDE (__data_source_end = __tdata_source_end)
                [!provide]                        PROVIDE (__data_source_size = (__data_source_end - __data_source))

.tbss           0x20000028        0x0 load address 0x08004ff8
                0x20000028                        _sbss = .
                0x20000028                        __bss_start__ = _sbss
 *(.tbss .tbss.*)
                0x20000028                        . = ALIGN (0x4)
                [!provide]                        PROVIDE (__tbss_end = .)
                [!provide]                        PROVIDE (__tbss_start = ADDR (.tbss))
                [!provide]                        PROVIDE (__tbss_size = (__tbss_end - __tbss_start))
                [!provide]                        PROVIDE (__tbss_offset = (ADDR (.tbss) - ADDR (.tdata)))
                [!provide]                        PROVIDE (__tls_base = __tdata_start)
                [!provide]                        PROVIDE (__tls_end = __tbss_end)
                [!provide]                        PROVIDE (__tls_size = (__tls_end - __tls_base))
                [!provide]                        PROVIDE (__tls_align = MAX (ALIGNOF (.tdata), ALIGNOF (.tbss)))
                [!provide]                        PROVIDE (__tls_size_align = (((__tls_size + __tls_align) - 0x1) & ~ ((__tls_align - 0x1))))
                [!provide]                        PROVIDE (__arm32_tls_tcb_offset = MAX (0x8, __tls_align))
                [!provide]                        PROVIDE (__arm64_tls_tcb_offset = MAX (0x10, __tls_align))

.bss            0x20000028      0x548 load address 0x08004ff8
 *(.bss)
 .bss           0x20000028       0x1c D:/STM32/CLT/STM32CubeCLT_1.20.0/GNU-tools-for-STM32/bin/../lib/gcc/arm-none-eabi/13.3.1/thumb/v7-m/nofp/crtbegin.o
 *(.bss*)
 .bss.uwTick    0x20000044        0x4 cmake/stm32cubemx/CMakeFiles/STM32_Drivers.dir/__/__/Drivers/STM32F1xx_HAL_Driver/Src/stm32f1xx_hal.c.obj
                0x20000044                uwTick
 .bss.hcan      0x20000048       0x28 CMakeFiles/armor.dir/Core/Src/can.c.obj
                0x20000048                hcan
 .bss.hi2c1     0x20000070       0x54 CMakeFiles/armor.dir/Core/Src/i2c.c.obj
                0x20000070                hi2c1
 .bss.htim3     0x200000c4       0x48 CMakeFiles/armor.dir/Core/Src/tim.c.obj
                0x200000c4                htim3
 .bss.htim4     0x2000010c       0x48 CMakeFiles/armor.dir/Core/Src/tim.c.obj
                0x2000010c                htim4
 .bss.hdma_tim3_ch4_up
                0x20000154       0x44 CMakeFiles/armor.dir/Core/Src/tim.c.obj
                0x20000154                hdma_tim3_ch4_up
 .bss.hdma_tim4_ch1
                0x20000198       0x44 CMakeFiles/armor.dir/Core/Src/tim.c.obj
                0x20000198                hdma_tim4_ch1
 .bss.huart1    0x200001dc       0x48 CMakeFiles/armor.dir/Core/Src/usart.c.obj
                0x200001dc                huart1
 .bss.huart3    0x20000224       0x48 CMakeFiles/armor.dir/Core/Src/usart.c.obj
                0x20000224                huart3
 .bss.hdma_usart1_rx
                0x2000026c       0x44 CMakeFiles/armor.dir/Core/Src/usart.c.obj
                0x2000026c                hdma_usart1_rx
 .bss.hdma_usart1_tx
                0x200002b0       0x44 CMakeFiles/armor.dir/Core/Src/usart.c.obj
                0x200002b0                hdma_usart1_tx
 .bss.CPU_FREQ_Hz
                0x200002f4        0x4 CMakeFiles/armor.dir/BSP/bsp_dwt.c.obj
 .bss.CPU_FREQ_Hz_ms
                0x200002f8        0x4 CMakeFiles/armor.dir/BSP/bsp_dwt.c.obj
 .bss.CPU_FREQ_Hz_us
                0x200002fc        0x4 CMakeFiles/armor.dir/BSP/bsp_dwt.c.obj
 .bss.CYCCNT_RountCount
                0x20000300        0x4 CMakeFiles/armor.dir/BSP/bsp_dwt.c.obj
 .bss.color     0x20000304        0x1 CMakeFiles/armor.dir/BSP/sk6812.c.obj
                0x20000304                color
 *fill*         0x20000305        0x3 
 .bss.led_buf   0x20000308      0x264 CMakeFiles/armor.dir/BSP/sk6812.c.obj
                0x20000308                led_buf
 .bss.blinked   0x2000056c        0x1 CMakeFiles/armor.dir/BSP/sk6812.c.obj
                0x2000056c                blinked
 *(COMMON)
                0x20000570                        . = ALIGN (0x4)
 *fill*         0x2000056d        0x3 
                0x20000570                        _ebss = .
                0x20000570                        __bss_end__ = _ebss
                [!provide]                        PROVIDE (__bss_end = .)
                [!provide]                        PROVIDE (__non_tls_bss_start = ADDR (.bss))
                [!provide]                        PROVIDE (__bss_start = __tbss_start)
                [!provide]                        PROVIDE (__bss_size = (__bss_end - __bss_start))

._user_heap_stack
                0x20000570     0x4000 load address 0x08004ff8
                0x20000570                        . = ALIGN (0x8)
                [!provide]                        PROVIDE (end = .)
                0x20000570                        PROVIDE (_end = .)
                0x20002570                        . = (. + _Min_Heap_Size)
 *fill*         0x20000570     0x2000 
                0x20004570                        . = (. + _Min_Stack_Size)
 *fill*         0x20002570     0x2000 
                0x20004570                        . = ALIGN (0x8)

/DISCARD/
 libc.a:*(*)
 libm.a:*(*)
 libgcc.a:*(*)
OUTPUT(armor.elf elf32-littlearm)
LOAD linker stubs

.ARM.attributes
                0x00000000       0x29
 .ARM.attributes
                0x00000000       0x1d D:/STM32/CLT/STM32CubeCLT_1.20.0/GNU-tools-for-STM32/bin/../lib/gcc/arm-none-eabi/13.3.1/thumb/v7-m/nofp/crti.o
 .ARM.attributes
                0x0000001d       0x2d D:/STM32/CLT/STM32CubeCLT_1.20.0/GNU-tools-for-STM32/bin/../lib/gcc/arm-none-eabi/13.3.1/thumb/v7-m/nofp/crtbegin.o
 .ARM.attributes
                0x0000004a       0x2d cmake/stm32cubemx/CMakeFiles/STM32_Drivers.dir/__/__/Core/Src/system_stm32f1xx.c.obj
 .ARM.attributes
                0x00000077       0x2d cmake/stm32cubemx/CMakeFiles/STM32_Drivers.dir/__/__/Drivers/STM32F1xx_HAL_Driver/Src/stm32f1xx_hal_can.c.obj
 .ARM.attributes
                0x000000a4       0x2d cmake/stm32cubemx/CMakeFiles/STM32_Drivers.dir/__/__/Drivers/STM32F1xx_HAL_Driver/Src/stm32f1xx_hal.c.obj
 .ARM.attributes
                0x000000d1       0x2d cmake/stm32cubemx/CMakeFiles/STM32_Drivers.dir/__/__/Drivers/STM32F1xx_HAL_Driver/Src/stm32f1xx_hal_rcc.c.obj
 .ARM.attributes
                0x000000fe       0x2d cmake/stm32cubemx/CMakeFiles/STM32_Drivers.dir/__/__/Drivers/STM32F1xx_HAL_Driver/Src/stm32f1xx_hal_gpio.c.obj
 .ARM.attributes
                0x0000012b       0x2d cmake/stm32cubemx/CMakeFiles/STM32_Drivers.dir/__/__/Drivers/STM32F1xx_HAL_Driver/Src/stm32f1xx_hal_dma.c.obj
 .ARM.attributes
                0x00000158       0x2d cmake/stm32cubemx/CMakeFiles/STM32_Drivers.dir/__/__/Drivers/STM32F1xx_HAL_Driver/Src/stm32f1xx_hal_cortex.c.obj
 .ARM.attributes
                0x00000185       0x2d cmake/stm32cubemx/CMakeFiles/STM32_Drivers.dir/__/__/Drivers/STM32F1xx_HAL_Driver/Src/stm32f1xx_hal_i2c.c.obj
 .ARM.attributes
                0x000001b2       0x2d cmake/stm32cubemx/CMakeFiles/STM32_Drivers.dir/__/__/Drivers/STM32F1xx_HAL_Driver/Src/stm32f1xx_hal_tim.c.obj
 .ARM.attributes
                0x000001df       0x2d cmake/stm32cubemx/CMakeFiles/STM32_Drivers.dir/__/__/Drivers/STM32F1xx_HAL_Driver/Src/stm32f1xx_hal_tim_ex.c.obj
 .ARM.attributes
                0x0000020c       0x2d cmake/stm32cubemx/CMakeFiles/STM32_Drivers.dir/__/__/Drivers/STM32F1xx_HAL_Driver/Src/stm32f1xx_hal_uart.c.obj
 .ARM.attributes
                0x00000239       0x2d CMakeFiles/armor.dir/Core/Src/main.c.obj
 .ARM.attributes
                0x00000266       0x2d CMakeFiles/armor.dir/Core/Src/gpio.c.obj
 .ARM.attributes
                0x00000293       0x2d CMakeFiles/armor.dir/Core/Src/can.c.obj
 .ARM.attributes
                0x000002c0       0x2d CMakeFiles/armor.dir/Core/Src/dma.c.obj
 .ARM.attributes
                0x000002ed       0x2d CMakeFiles/armor.dir/Core/Src/i2c.c.obj
 .ARM.attributes
                0x0000031a       0x2d CMakeFiles/armor.dir/Core/Src/tim.c.obj
 .ARM.attributes
                0x00000347       0x2d CMakeFiles/armor.dir/Core/Src/usart.c.obj
 .ARM.attributes
                0x00000374       0x2d CMakeFiles/armor.dir/Core/Src/stm32f1xx_it.c.obj
 .ARM.attributes
                0x000003a1       0x2d CMakeFiles/armor.dir/Core/Src/stm32f1xx_hal_msp.c.obj
 .ARM.attributes
                0x000003ce       0x21 CMakeFiles/armor.dir/startup_stm32f103xb.s.obj
 .ARM.attributes
                0x000003ef       0x2d CMakeFiles/armor.dir/BSP/bsp_dwt.c.obj
 .ARM.attributes
                0x0000041c       0x2d CMakeFiles/armor.dir/BSP/hx711.c.obj
 .ARM.attributes
                0x00000449       0x2d CMakeFiles/armor.dir/BSP/sk6812.c.obj
 .ARM.attributes
                0x00000476       0x1d D:/STM32/CLT/STM32CubeCLT_1.20.0/GNU-tools-for-STM32/bin/../lib/gcc/arm-none-eabi/13.3.1/thumb/v7-m/nofp\libgcc.a(_arm_addsubsf3.o)
 .ARM.attributes
                0x00000493       0x1d D:/STM32/CLT/STM32CubeCLT_1.20.0/GNU-tools-for-STM32/bin/../lib/gcc/arm-none-eabi/13.3.1/thumb/v7-m/nofp\libgcc.a(_arm_muldivsf3.o)
 .ARM.attributes
                0x000004b0       0x1d D:/STM32/CLT/STM32CubeCLT_1.20.0/GNU-tools-for-STM32/bin/../lib/gcc/arm-none-eabi/13.3.1/thumb/v7-m/nofp\libgcc.a(_arm_fixunssfsi.o)
 .ARM.attributes
                0x000004cd       0x2d D:/STM32/CLT/STM32CubeCLT_1.20.0/GNU-tools-for-STM32/bin/../lib/gcc/arm-none-eabi/13.3.1/../../../../arm-none-eabi/lib/thumb/v7-m/nofp\libg_nano.a(libc_a-memset.o)
 .ARM.attributes
                0x000004fa       0x2d D:/STM32/CLT/STM32CubeCLT_1.20.0/GNU-tools-for-STM32/bin/../lib/gcc/arm-none-eabi/13.3.1/../../../../arm-none-eabi/lib/thumb/v7-m/nofp\libg_nano.a(libc_a-init.o)
 .ARM.attributes
                0x00000527       0x1d D:/STM32/CLT/STM32CubeCLT_1.20.0/GNU-tools-for-STM32/bin/../lib/gcc/arm-none-eabi/13.3.1/thumb/v7-m/nofp/crtn.o

.comment        0x00000000       0x43
 .comment       0x00000000       0x43 cmake/stm32cubemx/CMakeFiles/STM32_Drivers.dir/__/__/Core/Src/system_stm32f1xx.c.obj
                                 0x44 (size before relaxing)
 .comment       0x00000043        0x0 cmake/stm32cubemx/CMakeFiles/STM32_Drivers.dir/__/__/Drivers/STM32F1xx_HAL_Driver/Src/stm32f1xx_hal_can.c.obj
                                 0x44 (size before relaxing)
 .comment       0x00000043        0x0 cmake/stm32cubemx/CMakeFiles/STM32_Drivers.dir/__/__/Drivers/STM32F1xx_HAL_Driver/Src/stm32f1xx_hal.c.obj
                                 0x44 (size before relaxing)
 .comment       0x00000043        0x0 cmake/stm32cubemx/CMakeFiles/STM32_Drivers.dir/__/__/Drivers/STM32F1xx_HAL_Driver/Src/stm32f1xx_hal_rcc.c.obj
                                 0x44 (size before relaxing)
 .comment       0x00000043        0x0 cmake/stm32cubemx/CMakeFiles/STM32_Drivers.dir/__/__/Drivers/STM32F1xx_HAL_Driver/Src/stm32f1xx_hal_gpio.c.obj
                                 0x44 (size before relaxing)
 .comment       0x00000043        0x0 cmake/stm32cubemx/CMakeFiles/STM32_Drivers.dir/__/__/Drivers/STM32F1xx_HAL_Driver/Src/stm32f1xx_hal_dma.c.obj
                                 0x44 (size before relaxing)
 .comment       0x00000043        0x0 cmake/stm32cubemx/CMakeFiles/STM32_Drivers.dir/__/__/Drivers/STM32F1xx_HAL_Driver/Src/stm32f1xx_hal_cortex.c.obj
                                 0x44 (size before relaxing)
 .comment       0x00000043        0x0 cmake/stm32cubemx/CMakeFiles/STM32_Drivers.dir/__/__/Drivers/STM32F1xx_HAL_Driver/Src/stm32f1xx_hal_i2c.c.obj
                                 0x44 (size before relaxing)
 .comment       0x00000043        0x0 cmake/stm32cubemx/CMakeFiles/STM32_Drivers.dir/__/__/Drivers/STM32F1xx_HAL_Driver/Src/stm32f1xx_hal_tim.c.obj
                                 0x44 (size before relaxing)
 .comment       0x00000043        0x0 cmake/stm32cubemx/CMakeFiles/STM32_Drivers.dir/__/__/Drivers/STM32F1xx_HAL_Driver/Src/stm32f1xx_hal_tim_ex.c.obj
                                 0x44 (size before relaxing)
 .comment       0x00000043        0x0 cmake/stm32cubemx/CMakeFiles/STM32_Drivers.dir/__/__/Drivers/STM32F1xx_HAL_Driver/Src/stm32f1xx_hal_uart.c.obj
                                 0x44 (size before relaxing)
 .comment       0x00000043        0x0 CMakeFiles/armor.dir/Core/Src/main.c.obj
                                 0x44 (size before relaxing)
 .comment       0x00000043        0x0 CMakeFiles/armor.dir/Core/Src/gpio.c.obj
                                 0x44 (size before relaxing)
 .comment       0x00000043        0x0 CMakeFiles/armor.dir/Core/Src/can.c.obj
                                 0x44 (size before relaxing)
 .comment       0x00000043        0x0 CMakeFiles/armor.dir/Core/Src/dma.c.obj
                                 0x44 (size before relaxing)
 .comment       0x00000043        0x0 CMakeFiles/armor.dir/Core/Src/i2c.c.obj
                                 0x44 (size before relaxing)
 .comment       0x00000043        0x0 CMakeFiles/armor.dir/Core/Src/tim.c.obj
                                 0x44 (size before relaxing)
 .comment       0x00000043        0x0 CMakeFiles/armor.dir/Core/Src/usart.c.obj
                                 0x44 (size before relaxing)
 .comment       0x00000043        0x0 CMakeFiles/armor.dir/Core/Src/stm32f1xx_it.c.obj
                                 0x44 (size before relaxing)
 .comment       0x00000043        0x0 CMakeFiles/armor.dir/Core/Src/stm32f1xx_hal_msp.c.obj
                                 0x44 (size before relaxing)
 .comment       0x00000043        0x0 CMakeFiles/armor.dir/BSP/bsp_dwt.c.obj
                                 0x44 (size before relaxing)
 .comment       0x00000043        0x0 CMakeFiles/armor.dir/BSP/hx711.c.obj
                                 0x44 (size before relaxing)
 .comment       0x00000043        0x0 CMakeFiles/armor.dir/BSP/sk6812.c.obj
                                 0x44 (size before relaxing)
 .comment       0x00000043        0x0 D:/STM32/CLT/STM32CubeCLT_1.20.0/GNU-tools-for-STM32/bin/../lib/gcc/arm-none-eabi/13.3.1/../../../../arm-none-eabi/lib/thumb/v7-m/nofp\libg_nano.a(libc_a-memset.o)
                                 0x44 (size before relaxing)
 .comment       0x00000043        0x0 D:/STM32/CLT/STM32CubeCLT_1.20.0/GNU-tools-for-STM32/bin/../lib/gcc/arm-none-eabi/13.3.1/../../../../arm-none-eabi/lib/thumb/v7-m/nofp\libg_nano.a(libc_a-init.o)
                                 0x44 (size before relaxing)

.debug_info     0x00000000    0x11c81
 .debug_info    0x00000000      0x222 cmake/stm32cubemx/CMakeFiles/STM32_Drivers.dir/__/__/Core/Src/system_stm32f1xx.c.obj
 .debug_info    0x00000222      0xf13 cmake/stm32cubemx/CMakeFiles/STM32_Drivers.dir/__/__/Drivers/STM32F1xx_HAL_Driver/Src/stm32f1xx_hal_can.c.obj
 .debug_info    0x00001135      0x704 cmake/stm32cubemx/CMakeFiles/STM32_Drivers.dir/__/__/Drivers/STM32F1xx_HAL_Driver/Src/stm32f1xx_hal.c.obj
 .debug_info    0x00001839      0x7d5 cmake/stm32cubemx/CMakeFiles/STM32_Drivers.dir/__/__/Drivers/STM32F1xx_HAL_Driver/Src/stm32f1xx_hal_rcc.c.obj
 .debug_info    0x0000200e      0x5ab cmake/stm32cubemx/CMakeFiles/STM32_Drivers.dir/__/__/Drivers/STM32F1xx_HAL_Driver/Src/stm32f1xx_hal_gpio.c.obj
 .debug_info    0x000025b9      0x6d2 cmake/stm32cubemx/CMakeFiles/STM32_Drivers.dir/__/__/Drivers/STM32F1xx_HAL_Driver/Src/stm32f1xx_hal_dma.c.obj
 .debug_info    0x00002c8b      0xa87 cmake/stm32cubemx/CMakeFiles/STM32_Drivers.dir/__/__/Drivers/STM32F1xx_HAL_Driver/Src/stm32f1xx_hal_cortex.c.obj
 .debug_info    0x00003712     0x2524 cmake/stm32cubemx/CMakeFiles/STM32_Drivers.dir/__/__/Drivers/STM32F1xx_HAL_Driver/Src/stm32f1xx_hal_i2c.c.obj
 .debug_info    0x00005c36     0x2959 cmake/stm32cubemx/CMakeFiles/STM32_Drivers.dir/__/__/Drivers/STM32F1xx_HAL_Driver/Src/stm32f1xx_hal_tim.c.obj
 .debug_info    0x0000858f     0x149b cmake/stm32cubemx/CMakeFiles/STM32_Drivers.dir/__/__/Drivers/STM32F1xx_HAL_Driver/Src/stm32f1xx_hal_tim_ex.c.obj
 .debug_info    0x00009a2a     0x2eed cmake/stm32cubemx/CMakeFiles/STM32_Drivers.dir/__/__/Drivers/STM32F1xx_HAL_Driver/Src/stm32f1xx_hal_uart.c.obj
 .debug_info    0x0000c917      0x81e CMakeFiles/armor.dir/Core/Src/main.c.obj
 .debug_info    0x0000d135      0x2b7 CMakeFiles/armor.dir/Core/Src/gpio.c.obj
 .debug_info    0x0000d3ec      0x6d6 CMakeFiles/armor.dir/Core/Src/can.c.obj
 .debug_info    0x0000dac2      0x2cf CMakeFiles/armor.dir/Core/Src/dma.c.obj
 .debug_info    0x0000dd91      0x879 CMakeFiles/armor.dir/Core/Src/i2c.c.obj
 .debug_info    0x0000e60a      0xaf9 CMakeFiles/armor.dir/Core/Src/tim.c.obj
 .debug_info    0x0000f103      0x9cd CMakeFiles/armor.dir/Core/Src/usart.c.obj
 .debug_info    0x0000fad0      0x66a CMakeFiles/armor.dir/Core/Src/stm32f1xx_it.c.obj
 .debug_info    0x0001013a      0x1f1 CMakeFiles/armor.dir/Core/Src/stm32f1xx_hal_msp.c.obj
 .debug_info    0x0001032b       0x30 CMakeFiles/armor.dir/startup_stm32f103xb.s.obj
 .debug_info    0x0001035b      0x54c CMakeFiles/armor.dir/BSP/bsp_dwt.c.obj
 .debug_info    0x000108a7      0x7cf CMakeFiles/armor.dir/BSP/hx711.c.obj
 .debug_info    0x00011076      0xa20 CMakeFiles/armor.dir/BSP/sk6812.c.obj
 .debug_info    0x00011a96       0xe0 D:/STM32/CLT/STM32CubeCLT_1.20.0/GNU-tools-for-STM32/bin/../lib/gcc/arm-none-eabi/13.3.1/../../../../arm-none-eabi/lib/thumb/v7-m/nofp\libg_nano.a(libc_a-memset.o)
 .debug_info    0x00011b76      0x10b D:/STM32/CLT/STM32CubeCLT_1.20.0/GNU-tools-for-STM32/bin/../lib/gcc/arm-none-eabi/13.3.1/../../../../arm-none-eabi/lib/thumb/v7-m/nofp\libg_nano.a(libc_a-init.o)

.debug_abbrev   0x00000000     0x308e
 .debug_abbrev  0x00000000      0x13f cmake/stm32cubemx/CMakeFiles/STM32_Drivers.dir/__/__/Core/Src/system_stm32f1xx.c.obj
 .debug_abbrev  0x0000013f      0x21c cmake/stm32cubemx/CMakeFiles/STM32_Drivers.dir/__/__/Drivers/STM32F1xx_HAL_Driver/Src/stm32f1xx_hal_can.c.obj
 .debug_abbrev  0x0000035b      0x201 cmake/stm32cubemx/CMakeFiles/STM32_Drivers.dir/__/__/Drivers/STM32F1xx_HAL_Driver/Src/stm32f1xx_hal.c.obj
 .debug_abbrev  0x0000055c      0x2b3 cmake/stm32cubemx/CMakeFiles/STM32_Drivers.dir/__/__/Drivers/STM32F1xx_HAL_Driver/Src/stm32f1xx_hal_rcc.c.obj
 .debug_abbrev  0x0000080f      0x1ca cmake/stm32cubemx/CMakeFiles/STM32_Drivers.dir/__/__/Drivers/STM32F1xx_HAL_Driver/Src/stm32f1xx_hal_gpio.c.obj
 .debug_abbrev  0x000009d9      0x20b cmake/stm32cubemx/CMakeFiles/STM32_Drivers.dir/__/__/Drivers/STM32F1xx_HAL_Driver/Src/stm32f1xx_hal_dma.c.obj
 .debug_abbrev  0x00000be4      0x2f8 cmake/stm32cubemx/CMakeFiles/STM32_Drivers.dir/__/__/Drivers/STM32F1xx_HAL_Driver/Src/stm32f1xx_hal_cortex.c.obj
 .debug_abbrev  0x00000edc      0x2a3 cmake/stm32cubemx/CMakeFiles/STM32_Drivers.dir/__/__/Drivers/STM32F1xx_HAL_Driver/Src/stm32f1xx_hal_i2c.c.obj
 .debug_abbrev  0x0000117f      0x277 cmake/stm32cubemx/CMakeFiles/STM32_Drivers.dir/__/__/Drivers/STM32F1xx_HAL_Driver/Src/stm32f1xx_hal_tim.c.obj
 .debug_abbrev  0x000013f6      0x282 cmake/stm32cubemx/CMakeFiles/STM32_Drivers.dir/__/__/Drivers/STM32F1xx_HAL_Driver/Src/stm32f1xx_hal_tim_ex.c.obj
 .debug_abbrev  0x00001678      0x2f8 cmake/stm32cubemx/CMakeFiles/STM32_Drivers.dir/__/__/Drivers/STM32F1xx_HAL_Driver/Src/stm32f1xx_hal_uart.c.obj
 .debug_abbrev  0x00001970      0x24b CMakeFiles/armor.dir/Core/Src/main.c.obj
 .debug_abbrev  0x00001bbb      0x13f CMakeFiles/armor.dir/Core/Src/gpio.c.obj
 .debug_abbrev  0x00001cfa      0x213 CMakeFiles/armor.dir/Core/Src/can.c.obj
 .debug_abbrev  0x00001f0d       0xfc CMakeFiles/armor.dir/Core/Src/dma.c.obj
 .debug_abbrev  0x00002009      0x1ef CMakeFiles/armor.dir/Core/Src/i2c.c.obj
 .debug_abbrev  0x000021f8      0x238 CMakeFiles/armor.dir/Core/Src/tim.c.obj
 .debug_abbrev  0x00002430      0x221 CMakeFiles/armor.dir/Core/Src/usart.c.obj
 .debug_abbrev  0x00002651      0x191 CMakeFiles/armor.dir/Core/Src/stm32f1xx_it.c.obj
 .debug_abbrev  0x000027e2       0xdb CMakeFiles/armor.dir/Core/Src/stm32f1xx_hal_msp.c.obj
 .debug_abbrev  0x000028bd       0x24 CMakeFiles/armor.dir/startup_stm32f103xb.s.obj
 .debug_abbrev  0x000028e1      0x1c1 CMakeFiles/armor.dir/BSP/bsp_dwt.c.obj
 .debug_abbrev  0x00002aa2      0x22a CMakeFiles/armor.dir/BSP/hx711.c.obj
 .debug_abbrev  0x00002ccc      0x25b CMakeFiles/armor.dir/BSP/sk6812.c.obj
 .debug_abbrev  0x00002f27       0x9e D:/STM32/CLT/STM32CubeCLT_1.20.0/GNU-tools-for-STM32/bin/../lib/gcc/arm-none-eabi/13.3.1/../../../../arm-none-eabi/lib/thumb/v7-m/nofp\libg_nano.a(libc_a-memset.o)
 .debug_abbrev  0x00002fc5       0xc9 D:/STM32/CLT/STM32CubeCLT_1.20.0/GNU-tools-for-STM32/bin/../lib/gcc/arm-none-eabi/13.3.1/../../../../arm-none-eabi/lib/thumb/v7-m/nofp\libg_nano.a(libc_a-init.o)

.debug_aranges  0x00000000     0x11e8
 .debug_aranges
                0x00000000       0x28 cmake/stm32cubemx/CMakeFiles/STM32_Drivers.dir/__/__/Core/Src/system_stm32f1xx.c.obj
 .debug_aranges
                0x00000028      0x138 cmake/stm32cubemx/CMakeFiles/STM32_Drivers.dir/__/__/Drivers/STM32F1xx_HAL_Driver/Src/stm32f1xx_hal_can.c.obj
 .debug_aranges
                0x00000160       0xe0 cmake/stm32cubemx/CMakeFiles/STM32_Drivers.dir/__/__/Drivers/STM32F1xx_HAL_Driver/Src/stm32f1xx_hal.c.obj
 .debug_aranges
                0x00000240       0x90 cmake/stm32cubemx/CMakeFiles/STM32_Drivers.dir/__/__/Drivers/STM32F1xx_HAL_Driver/Src/stm32f1xx_hal_rcc.c.obj
 .debug_aranges
                0x000002d0       0x58 cmake/stm32cubemx/CMakeFiles/STM32_Drivers.dir/__/__/Drivers/STM32F1xx_HAL_Driver/Src/stm32f1xx_hal_gpio.c.obj
 .debug_aranges
                0x00000328       0x80 cmake/stm32cubemx/CMakeFiles/STM32_Drivers.dir/__/__/Drivers/STM32F1xx_HAL_Driver/Src/stm32f1xx_hal_dma.c.obj
 .debug_aranges
                0x000003a8      0x100 cmake/stm32cubemx/CMakeFiles/STM32_Drivers.dir/__/__/Drivers/STM32F1xx_HAL_Driver/Src/stm32f1xx_hal_cortex.c.obj
 .debug_aranges
                0x000004a8      0x2a8 cmake/stm32cubemx/CMakeFiles/STM32_Drivers.dir/__/__/Drivers/STM32F1xx_HAL_Driver/Src/stm32f1xx_hal_i2c.c.obj
 .debug_aranges
                0x00000750      0x3d0 cmake/stm32cubemx/CMakeFiles/STM32_Drivers.dir/__/__/Drivers/STM32F1xx_HAL_Driver/Src/stm32f1xx_hal_tim.c.obj
 .debug_aranges
                0x00000b20      0x168 cmake/stm32cubemx/CMakeFiles/STM32_Drivers.dir/__/__/Drivers/STM32F1xx_HAL_Driver/Src/stm32f1xx_hal_tim_ex.c.obj
 .debug_aranges
                0x00000c88      0x208 cmake/stm32cubemx/CMakeFiles/STM32_Drivers.dir/__/__/Drivers/STM32F1xx_HAL_Driver/Src/stm32f1xx_hal_uart.c.obj
 .debug_aranges
                0x00000e90       0x30 CMakeFiles/armor.dir/Core/Src/main.c.obj
 .debug_aranges
                0x00000ec0       0x20 CMakeFiles/armor.dir/Core/Src/gpio.c.obj
 .debug_aranges
                0x00000ee0       0x30 CMakeFiles/armor.dir/Core/Src/can.c.obj
 .debug_aranges
                0x00000f10       0x20 CMakeFiles/armor.dir/Core/Src/dma.c.obj
 .debug_aranges
                0x00000f30       0x30 CMakeFiles/armor.dir/Core/Src/i2c.c.obj
 .debug_aranges
                0x00000f60       0x40 CMakeFiles/armor.dir/Core/Src/tim.c.obj
 .debug_aranges
                0x00000fa0       0x38 CMakeFiles/armor.dir/Core/Src/usart.c.obj
 .debug_aranges
                0x00000fd8       0x88 CMakeFiles/armor.dir/Core/Src/stm32f1xx_it.c.obj
 .debug_aranges
                0x00001060       0x20 CMakeFiles/armor.dir/Core/Src/stm32f1xx_hal_msp.c.obj
 .debug_aranges
                0x00001080       0x28 CMakeFiles/armor.dir/startup_stm32f103xb.s.obj
 .debug_aranges
                0x000010a8       0x70 CMakeFiles/armor.dir/BSP/bsp_dwt.c.obj
 .debug_aranges
                0x00001118       0x38 CMakeFiles/armor.dir/BSP/hx711.c.obj
 .debug_aranges
                0x00001150       0x58 CMakeFiles/armor.dir/BSP/sk6812.c.obj
 .debug_aranges
                0x000011a8       0x20 D:/STM32/CLT/STM32CubeCLT_1.20.0/GNU-tools-for-STM32/bin/../lib/gcc/arm-none-eabi/13.3.1/../../../../arm-none-eabi/lib/thumb/v7-m/nofp\libg_nano.a(libc_a-memset.o)
 .debug_aranges
                0x000011c8       0x20 D:/STM32/CLT/STM32CubeCLT_1.20.0/GNU-tools-for-STM32/bin/../lib/gcc/arm-none-eabi/13.3.1/../../../../arm-none-eabi/lib/thumb/v7-m/nofp\libg_nano.a(libc_a-init.o)

.debug_rnglists
                0x00000000      0xdf2
 .debug_rnglists
                0x00000000       0x1a cmake/stm32cubemx/CMakeFiles/STM32_Drivers.dir/__/__/Core/Src/system_stm32f1xx.c.obj
 .debug_rnglists
                0x0000001a       0xed cmake/stm32cubemx/CMakeFiles/STM32_Drivers.dir/__/__/Drivers/STM32F1xx_HAL_Driver/Src/stm32f1xx_hal_can.c.obj
 .debug_rnglists
                0x00000107       0xa3 cmake/stm32cubemx/CMakeFiles/STM32_Drivers.dir/__/__/Drivers/STM32F1xx_HAL_Driver/Src/stm32f1xx_hal.c.obj
 .debug_rnglists
                0x000001aa       0x6c cmake/stm32cubemx/CMakeFiles/STM32_Drivers.dir/__/__/Drivers/STM32F1xx_HAL_Driver/Src/stm32f1xx_hal_rcc.c.obj
 .debug_rnglists
                0x00000216       0x3f cmake/stm32cubemx/CMakeFiles/STM32_Drivers.dir/__/__/Drivers/STM32F1xx_HAL_Driver/Src/stm32f1xx_hal_gpio.c.obj
 .debug_rnglists
                0x00000255       0x64 cmake/stm32cubemx/CMakeFiles/STM32_Drivers.dir/__/__/Drivers/STM32F1xx_HAL_Driver/Src/stm32f1xx_hal_dma.c.obj
 .debug_rnglists
                0x000002b9       0xbb cmake/stm32cubemx/CMakeFiles/STM32_Drivers.dir/__/__/Drivers/STM32F1xx_HAL_Driver/Src/stm32f1xx_hal_cortex.c.obj
 .debug_rnglists
                0x00000374      0x23c cmake/stm32cubemx/CMakeFiles/STM32_Drivers.dir/__/__/Drivers/STM32F1xx_HAL_Driver/Src/stm32f1xx_hal_i2c.c.obj
 .debug_rnglists
                0x000005b0      0x31a cmake/stm32cubemx/CMakeFiles/STM32_Drivers.dir/__/__/Drivers/STM32F1xx_HAL_Driver/Src/stm32f1xx_hal_tim.c.obj
 .debug_rnglists
                0x000008ca      0x125 cmake/stm32cubemx/CMakeFiles/STM32_Drivers.dir/__/__/Drivers/STM32F1xx_HAL_Driver/Src/stm32f1xx_hal_tim_ex.c.obj
 .debug_rnglists
                0x000009ef      0x1bc cmake/stm32cubemx/CMakeFiles/STM32_Drivers.dir/__/__/Drivers/STM32F1xx_HAL_Driver/Src/stm32f1xx_hal_uart.c.obj
 .debug_rnglists
                0x00000bab       0x20 CMakeFiles/armor.dir/Core/Src/main.c.obj
 .debug_rnglists
                0x00000bcb       0x14 CMakeFiles/armor.dir/Core/Src/gpio.c.obj
 .debug_rnglists
                0x00000bdf       0x20 CMakeFiles/armor.dir/Core/Src/can.c.obj
 .debug_rnglists
                0x00000bff       0x13 CMakeFiles/armor.dir/Core/Src/dma.c.obj
 .debug_rnglists
                0x00000c12       0x20 CMakeFiles/armor.dir/Core/Src/i2c.c.obj
 .debug_rnglists
                0x00000c32       0x2f CMakeFiles/armor.dir/Core/Src/tim.c.obj
 .debug_rnglists
                0x00000c61       0x27 CMakeFiles/armor.dir/Core/Src/usart.c.obj
 .debug_rnglists
                0x00000c88       0x61 CMakeFiles/armor.dir/Core/Src/stm32f1xx_it.c.obj
 .debug_rnglists
                0x00000ce9       0x13 CMakeFiles/armor.dir/Core/Src/stm32f1xx_hal_msp.c.obj
 .debug_rnglists
                0x00000cfc       0x19 CMakeFiles/armor.dir/startup_stm32f103xb.s.obj
 .debug_rnglists
                0x00000d15       0x51 CMakeFiles/armor.dir/BSP/bsp_dwt.c.obj
 .debug_rnglists
                0x00000d66       0x26 CMakeFiles/armor.dir/BSP/hx711.c.obj
 .debug_rnglists
                0x00000d8c       0x40 CMakeFiles/armor.dir/BSP/sk6812.c.obj
 .debug_rnglists
                0x00000dcc       0x13 D:/STM32/CLT/STM32CubeCLT_1.20.0/GNU-tools-for-STM32/bin/../lib/gcc/arm-none-eabi/13.3.1/../../../../arm-none-eabi/lib/thumb/v7-m/nofp\libg_nano.a(libc_a-memset.o)
 .debug_rnglists
                0x00000ddf       0x13 D:/STM32/CLT/STM32CubeCLT_1.20.0/GNU-tools-for-STM32/bin/../lib/gcc/arm-none-eabi/13.3.1/../../../../arm-none-eabi/lib/thumb/v7-m/nofp\libg_nano.a(libc_a-init.o)

.debug_macro    0x00000000    0x19911
 .debug_macro   0x00000000      0x1b7 cmake/stm32cubemx/CMakeFiles/STM32_Drivers.dir/__/__/Core/Src/system_stm32f1xx.c.obj
 .debug_macro   0x000001b7      0xacc cmake/stm32cubemx/CMakeFiles/STM32_Drivers.dir/__/__/Core/Src/system_stm32f1xx.c.obj
 .debug_macro   0x00000c83       0x2e cmake/stm32cubemx/CMakeFiles/STM32_Drivers.dir/__/__/Core/Src/system_stm32f1xx.c.obj
 .debug_macro   0x00000cb1       0x22 cmake/stm32cubemx/CMakeFiles/STM32_Drivers.dir/__/__/Core/Src/system_stm32f1xx.c.obj
 .debug_macro   0x00000cd3       0x22 cmake/stm32cubemx/CMakeFiles/STM32_Drivers.dir/__/__/Core/Src/system_stm32f1xx.c.obj
 .debug_macro   0x00000cf5       0x8e cmake/stm32cubemx/CMakeFiles/STM32_Drivers.dir/__/__/Core/Src/system_stm32f1xx.c.obj
 .debug_macro   0x00000d83       0x51 cmake/stm32cubemx/CMakeFiles/STM32_Drivers.dir/__/__/Core/Src/system_stm32f1xx.c.obj
 .debug_macro   0x00000dd4      0x103 cmake/stm32cubemx/CMakeFiles/STM32_Drivers.dir/__/__/Core/Src/system_stm32f1xx.c.obj
 .debug_macro   0x00000ed7       0x6a cmake/stm32cubemx/CMakeFiles/STM32_Drivers.dir/__/__/Core/Src/system_stm32f1xx.c.obj
 .debug_macro   0x00000f41      0x1df cmake/stm32cubemx/CMakeFiles/STM32_Drivers.dir/__/__/Core/Src/system_stm32f1xx.c.obj
 .debug_macro   0x00001120       0x1c cmake/stm32cubemx/CMakeFiles/STM32_Drivers.dir/__/__/Core/Src/system_stm32f1xx.c.obj
 .debug_macro   0x0000113c       0x22 cmake/stm32cubemx/CMakeFiles/STM32_Drivers.dir/__/__/Core/Src/system_stm32f1xx.c.obj
 .debug_macro   0x0000115e       0xbd cmake/stm32cubemx/CMakeFiles/STM32_Drivers.dir/__/__/Core/Src/system_stm32f1xx.c.obj
 .debug_macro   0x0000121b      0xd23 cmake/stm32cubemx/CMakeFiles/STM32_Drivers.dir/__/__/Core/Src/system_stm32f1xx.c.obj
 .debug_macro   0x00001f3e     0xe09e cmake/stm32cubemx/CMakeFiles/STM32_Drivers.dir/__/__/Core/Src/system_stm32f1xx.c.obj
 .debug_macro   0x0000ffdc       0x6d cmake/stm32cubemx/CMakeFiles/STM32_Drivers.dir/__/__/Core/Src/system_stm32f1xx.c.obj
 .debug_macro   0x00010049      0x22d cmake/stm32cubemx/CMakeFiles/STM32_Drivers.dir/__/__/Core/Src/system_stm32f1xx.c.obj
 .debug_macro   0x00010276     0x34a2 cmake/stm32cubemx/CMakeFiles/STM32_Drivers.dir/__/__/Core/Src/system_stm32f1xx.c.obj
 .debug_macro   0x00013718      0x190 cmake/stm32cubemx/CMakeFiles/STM32_Drivers.dir/__/__/Core/Src/system_stm32f1xx.c.obj
 .debug_macro   0x000138a8       0x5c cmake/stm32cubemx/CMakeFiles/STM32_Drivers.dir/__/__/Core/Src/system_stm32f1xx.c.obj
 .debug_macro   0x00013904      0x5bc cmake/stm32cubemx/CMakeFiles/STM32_Drivers.dir/__/__/Core/Src/system_stm32f1xx.c.obj
 .debug_macro   0x00013ec0      0x289 cmake/stm32cubemx/CMakeFiles/STM32_Drivers.dir/__/__/Core/Src/system_stm32f1xx.c.obj
 .debug_macro   0x00014149      0x1cb cmake/stm32cubemx/CMakeFiles/STM32_Drivers.dir/__/__/Core/Src/system_stm32f1xx.c.obj
 .debug_macro   0x00014314      0x114 cmake/stm32cubemx/CMakeFiles/STM32_Drivers.dir/__/__/Core/Src/system_stm32f1xx.c.obj
 .debug_macro   0x00014428      0x1b2 cmake/stm32cubemx/CMakeFiles/STM32_Drivers.dir/__/__/Core/Src/system_stm32f1xx.c.obj
 .debug_macro   0x000145da       0x27 cmake/stm32cubemx/CMakeFiles/STM32_Drivers.dir/__/__/Core/Src/system_stm32f1xx.c.obj
 .debug_macro   0x00014601      0x136 cmake/stm32cubemx/CMakeFiles/STM32_Drivers.dir/__/__/Core/Src/system_stm32f1xx.c.obj
 .debug_macro   0x00014737      0x1bc cmake/stm32cubemx/CMakeFiles/STM32_Drivers.dir/__/__/Core/Src/system_stm32f1xx.c.obj
 .debug_macro   0x000148f3       0x34 cmake/stm32cubemx/CMakeFiles/STM32_Drivers.dir/__/__/Core/Src/system_stm32f1xx.c.obj
 .debug_macro   0x00014927       0x3c cmake/stm32cubemx/CMakeFiles/STM32_Drivers.dir/__/__/Core/Src/system_stm32f1xx.c.obj
 .debug_macro   0x00014963      0x408 cmake/stm32cubemx/CMakeFiles/STM32_Drivers.dir/__/__/Core/Src/system_stm32f1xx.c.obj
 .debug_macro   0x00014d6b       0x57 cmake/stm32cubemx/CMakeFiles/STM32_Drivers.dir/__/__/Core/Src/system_stm32f1xx.c.obj
 .debug_macro   0x00014dc2       0x87 cmake/stm32cubemx/CMakeFiles/STM32_Drivers.dir/__/__/Core/Src/system_stm32f1xx.c.obj
 .debug_macro   0x00014e49      0x240 cmake/stm32cubemx/CMakeFiles/STM32_Drivers.dir/__/__/Core/Src/system_stm32f1xx.c.obj
 .debug_macro   0x00015089      0x287 cmake/stm32cubemx/CMakeFiles/STM32_Drivers.dir/__/__/Core/Src/system_stm32f1xx.c.obj
 .debug_macro   0x00015310      0x140 cmake/stm32cubemx/CMakeFiles/STM32_Drivers.dir/__/__/Core/Src/system_stm32f1xx.c.obj
 .debug_macro   0x00015450      0x8ed cmake/stm32cubemx/CMakeFiles/STM32_Drivers.dir/__/__/Core/Src/system_stm32f1xx.c.obj
 .debug_macro   0x00015d3d      0x28e cmake/stm32cubemx/CMakeFiles/STM32_Drivers.dir/__/__/Core/Src/system_stm32f1xx.c.obj
 .debug_macro   0x00015fcb       0x83 cmake/stm32cubemx/CMakeFiles/STM32_Drivers.dir/__/__/Core/Src/system_stm32f1xx.c.obj
 .debug_macro   0x0001604e      0x1c6 cmake/stm32cubemx/CMakeFiles/STM32_Drivers.dir/__/__/Drivers/STM32F1xx_HAL_Driver/Src/stm32f1xx_hal_can.c.obj
 .debug_macro   0x00016214      0x1db cmake/stm32cubemx/CMakeFiles/STM32_Drivers.dir/__/__/Drivers/STM32F1xx_HAL_Driver/Src/stm32f1xx_hal.c.obj
 .debug_macro   0x000163ef      0x1c9 cmake/stm32cubemx/CMakeFiles/STM32_Drivers.dir/__/__/Drivers/STM32F1xx_HAL_Driver/Src/stm32f1xx_hal_rcc.c.obj
 .debug_macro   0x000165b8      0x222 cmake/stm32cubemx/CMakeFiles/STM32_Drivers.dir/__/__/Drivers/STM32F1xx_HAL_Driver/Src/stm32f1xx_hal_gpio.c.obj
 .debug_macro   0x000167da      0x1b7 cmake/stm32cubemx/CMakeFiles/STM32_Drivers.dir/__/__/Drivers/STM32F1xx_HAL_Driver/Src/stm32f1xx_hal_dma.c.obj
 .debug_macro   0x00016991      0x1b7 cmake/stm32cubemx/CMakeFiles/STM32_Drivers.dir/__/__/Drivers/STM32F1xx_HAL_Driver/Src/stm32f1xx_hal_cortex.c.obj
 .debug_macro   0x00016b48      0x205 cmake/stm32cubemx/CMakeFiles/STM32_Drivers.dir/__/__/Drivers/STM32F1xx_HAL_Driver/Src/stm32f1xx_hal_i2c.c.obj
 .debug_macro   0x00016d4d      0x1b8 cmake/stm32cubemx/CMakeFiles/STM32_Drivers.dir/__/__/Drivers/STM32F1xx_HAL_Driver/Src/stm32f1xx_hal_tim.c.obj
 .debug_macro   0x00016f05      0x1b7 cmake/stm32cubemx/CMakeFiles/STM32_Drivers.dir/__/__/Drivers/STM32F1xx_HAL_Driver/Src/stm32f1xx_hal_tim_ex.c.obj
 .debug_macro   0x000170bc      0x1b8 cmake/stm32cubemx/CMakeFiles/STM32_Drivers.dir/__/__/Drivers/STM32F1xx_HAL_Driver/Src/stm32f1xx_hal_uart.c.obj
 .debug_macro   0x00017274      0x30a CMakeFiles/armor.dir/Core/Src/main.c.obj
 .debug_macro   0x0001757e       0x64 CMakeFiles/armor.dir/Core/Src/main.c.obj
 .debug_macro   0x000175e2       0x74 CMakeFiles/armor.dir/Core/Src/main.c.obj
 .debug_macro   0x00017656       0x24 CMakeFiles/armor.dir/Core/Src/main.c.obj
 .debug_macro   0x0001767a       0x3c CMakeFiles/armor.dir/Core/Src/main.c.obj
 .debug_macro   0x000176b6       0x34 CMakeFiles/armor.dir/Core/Src/main.c.obj
 .debug_macro   0x000176ea       0x16 CMakeFiles/armor.dir/Core/Src/main.c.obj
 .debug_macro   0x00017700       0x3c CMakeFiles/armor.dir/Core/Src/main.c.obj
 .debug_macro   0x0001773c      0x370 CMakeFiles/armor.dir/Core/Src/main.c.obj
 .debug_macro   0x00017aac       0x10 CMakeFiles/armor.dir/Core/Src/main.c.obj
 .debug_macro   0x00017abc       0x16 CMakeFiles/armor.dir/Core/Src/main.c.obj
 .debug_macro   0x00017ad2       0x4a CMakeFiles/armor.dir/Core/Src/main.c.obj
 .debug_macro   0x00017b1c       0x34 CMakeFiles/armor.dir/Core/Src/main.c.obj
 .debug_macro   0x00017b50       0x10 CMakeFiles/armor.dir/Core/Src/main.c.obj
 .debug_macro   0x00017b60       0x58 CMakeFiles/armor.dir/Core/Src/main.c.obj
 .debug_macro   0x00017bb8      0x1e5 CMakeFiles/armor.dir/Core/Src/main.c.obj
 .debug_macro   0x00017d9d       0x16 CMakeFiles/armor.dir/Core/Src/main.c.obj
 .debug_macro   0x00017db3       0x16 CMakeFiles/armor.dir/Core/Src/main.c.obj
 .debug_macro   0x00017dc9      0x170 CMakeFiles/armor.dir/Core/Src/main.c.obj
 .debug_macro   0x00017f39       0x22 CMakeFiles/armor.dir/Core/Src/main.c.obj
 .debug_macro   0x00017f5b       0x46 CMakeFiles/armor.dir/Core/Src/main.c.obj
 .debug_macro   0x00017fa1       0xbe CMakeFiles/armor.dir/Core/Src/main.c.obj
 .debug_macro   0x0001805f      0x1d0 CMakeFiles/armor.dir/Core/Src/gpio.c.obj
 .debug_macro   0x0001822f      0x1d0 CMakeFiles/armor.dir/Core/Src/can.c.obj
 .debug_macro   0x000183ff      0x1d0 CMakeFiles/armor.dir/Core/Src/dma.c.obj
 .debug_macro   0x000185cf      0x1d0 CMakeFiles/armor.dir/Core/Src/i2c.c.obj
 .debug_macro   0x0001879f      0x1d0 CMakeFiles/armor.dir/Core/Src/tim.c.obj
 .debug_macro   0x0001896f      0x1d0 CMakeFiles/armor.dir/Core/Src/usart.c.obj
 .debug_macro   0x00018b3f      0x1d0 CMakeFiles/armor.dir/Core/Src/stm32f1xx_it.c.obj
 .debug_macro   0x00018d0f      0x1c6 CMakeFiles/armor.dir/Core/Src/stm32f1xx_hal_msp.c.obj
 .debug_macro   0x00018ed5      0x1d0 CMakeFiles/armor.dir/BSP/bsp_dwt.c.obj
 .debug_macro   0x000190a5      0x2d9 CMakeFiles/armor.dir/BSP/hx711.c.obj
 .debug_macro   0x0001937e       0x9e CMakeFiles/armor.dir/BSP/hx711.c.obj
 .debug_macro   0x0001941c      0x112 CMakeFiles/armor.dir/BSP/hx711.c.obj
 .debug_macro   0x0001952e       0x56 CMakeFiles/armor.dir/BSP/hx711.c.obj
 .debug_macro   0x00019584      0x2d5 CMakeFiles/armor.dir/BSP/sk6812.c.obj
 .debug_macro   0x00019859       0xb8 CMakeFiles/armor.dir/BSP/sk6812.c.obj

.debug_line     0x00000000    0x1605e
 .debug_line    0x00000000      0x715 cmake/stm32cubemx/CMakeFiles/STM32_Drivers.dir/__/__/Core/Src/system_stm32f1xx.c.obj
 .debug_line    0x00000715     0x113f cmake/stm32cubemx/CMakeFiles/STM32_Drivers.dir/__/__/Drivers/STM32F1xx_HAL_Driver/Src/stm32f1xx_hal_can.c.obj
 .debug_line    0x00001854      0x946 cmake/stm32cubemx/CMakeFiles/STM32_Drivers.dir/__/__/Drivers/STM32F1xx_HAL_Driver/Src/stm32f1xx_hal.c.obj
 .debug_line    0x0000219a      0xdff cmake/stm32cubemx/CMakeFiles/STM32_Drivers.dir/__/__/Drivers/STM32F1xx_HAL_Driver/Src/stm32f1xx_hal_rcc.c.obj
 .debug_line    0x00002f99      0x9a3 cmake/stm32cubemx/CMakeFiles/STM32_Drivers.dir/__/__/Drivers/STM32F1xx_HAL_Driver/Src/stm32f1xx_hal_gpio.c.obj
 .debug_line    0x0000393c      0xd50 cmake/stm32cubemx/CMakeFiles/STM32_Drivers.dir/__/__/Drivers/STM32F1xx_HAL_Driver/Src/stm32f1xx_hal_dma.c.obj
 .debug_line    0x0000468c      0xb10 cmake/stm32cubemx/CMakeFiles/STM32_Drivers.dir/__/__/Drivers/STM32F1xx_HAL_Driver/Src/stm32f1xx_hal_cortex.c.obj
 .debug_line    0x0000519c     0x3b43 cmake/stm32cubemx/CMakeFiles/STM32_Drivers.dir/__/__/Drivers/STM32F1xx_HAL_Driver/Src/stm32f1xx_hal_i2c.c.obj
 .debug_line    0x00008cdf     0x3434 cmake/stm32cubemx/CMakeFiles/STM32_Drivers.dir/__/__/Drivers/STM32F1xx_HAL_Driver/Src/stm32f1xx_hal_tim.c.obj
 .debug_line    0x0000c113     0x180a cmake/stm32cubemx/CMakeFiles/STM32_Drivers.dir/__/__/Drivers/STM32F1xx_HAL_Driver/Src/stm32f1xx_hal_tim_ex.c.obj
 .debug_line    0x0000d91d     0x2462 cmake/stm32cubemx/CMakeFiles/STM32_Drivers.dir/__/__/Drivers/STM32F1xx_HAL_Driver/Src/stm32f1xx_hal_uart.c.obj
 .debug_line    0x0000fd7f      0x83a CMakeFiles/armor.dir/Core/Src/main.c.obj
 .debug_line    0x000105b9      0x6c8 CMakeFiles/armor.dir/Core/Src/gpio.c.obj
 .debug_line    0x00010c81      0x70e CMakeFiles/armor.dir/Core/Src/can.c.obj
 .debug_line    0x0001138f      0x698 CMakeFiles/armor.dir/Core/Src/dma.c.obj
 .debug_line    0x00011a27      0x701 CMakeFiles/armor.dir/Core/Src/i2c.c.obj
 .debug_line    0x00012128      0x875 CMakeFiles/armor.dir/Core/Src/tim.c.obj
 .debug_line    0x0001299d      0x7cf CMakeFiles/armor.dir/Core/Src/usart.c.obj
 .debug_line    0x0001316c      0x7bd CMakeFiles/armor.dir/Core/Src/stm32f1xx_it.c.obj
 .debug_line    0x00013929      0x697 CMakeFiles/armor.dir/Core/Src/stm32f1xx_hal_msp.c.obj
 .debug_line    0x00013fc0       0x78 CMakeFiles/armor.dir/startup_stm32f103xb.s.obj
 .debug_line    0x00014038      0x8d7 CMakeFiles/armor.dir/BSP/bsp_dwt.c.obj
 .debug_line    0x0001490f      0x974 CMakeFiles/armor.dir/BSP/hx711.c.obj
 .debug_line    0x00015283      0xaf8 CMakeFiles/armor.dir/BSP/sk6812.c.obj
 .debug_line    0x00015d7b      0x17e D:/STM32/CLT/STM32CubeCLT_1.20.0/GNU-tools-for-STM32/bin/../lib/gcc/arm-none-eabi/13.3.1/../../../../arm-none-eabi/lib/thumb/v7-m/nofp\libg_nano.a(libc_a-memset.o)
 .debug_line    0x00015ef9      0x165 D:/STM32/CLT/STM32CubeCLT_1.20.0/GNU-tools-for-STM32/bin/../lib/gcc/arm-none-eabi/13.3.1/../../../../arm-none-eabi/lib/thumb/v7-m/nofp\libg_nano.a(libc_a-init.o)

.debug_str      0x00000000    0x8ff87
 .debug_str     0x00000000    0x8ff87 cmake/stm32cubemx/CMakeFiles/STM32_Drivers.dir/__/__/Core/Src/system_stm32f1xx.c.obj
                              0x871e8 (size before relaxing)
 .debug_str     0x0008ff87        0x0 cmake/stm32cubemx/CMakeFiles/STM32_Drivers.dir/__/__/Drivers/STM32F1xx_HAL_Driver/Src/stm32f1xx_hal_can.c.obj
                              0x879f0 (size before relaxing)
 .debug_str     0x0008ff87        0x0 cmake/stm32cubemx/CMakeFiles/STM32_Drivers.dir/__/__/Drivers/STM32F1xx_HAL_Driver/Src/stm32f1xx_hal.c.obj
                              0x8791b (size before relaxing)
 .debug_str     0x0008ff87        0x0 cmake/stm32cubemx/CMakeFiles/STM32_Drivers.dir/__/__/Drivers/STM32F1xx_HAL_Driver/Src/stm32f1xx_hal_rcc.c.obj
                              0x87617 (size before relaxing)
 .debug_str     0x0008ff87        0x0 cmake/stm32cubemx/CMakeFiles/STM32_Drivers.dir/__/__/Drivers/STM32F1xx_HAL_Driver/Src/stm32f1xx_hal_gpio.c.obj
                              0x8756e (size before relaxing)
 .debug_str     0x0008ff87        0x0 cmake/stm32cubemx/CMakeFiles/STM32_Drivers.dir/__/__/Drivers/STM32F1xx_HAL_Driver/Src/stm32f1xx_hal_dma.c.obj
                              0x87591 (size before relaxing)
 .debug_str     0x0008ff87        0x0 cmake/stm32cubemx/CMakeFiles/STM32_Drivers.dir/__/__/Drivers/STM32F1xx_HAL_Driver/Src/stm32f1xx_hal_cortex.c.obj
                              0x87867 (size before relaxing)
 .debug_str     0x0008ff87        0x0 cmake/stm32cubemx/CMakeFiles/STM32_Drivers.dir/__/__/Drivers/STM32F1xx_HAL_Driver/Src/stm32f1xx_hal_i2c.c.obj
                              0x882af (size before relaxing)
 .debug_str     0x0008ff87        0x0 cmake/stm32cubemx/CMakeFiles/STM32_Drivers.dir/__/__/Drivers/STM32F1xx_HAL_Driver/Src/stm32f1xx_hal_tim.c.obj
                              0x88619 (size before relaxing)
 .debug_str     0x0008ff87        0x0 cmake/stm32cubemx/CMakeFiles/STM32_Drivers.dir/__/__/Drivers/STM32F1xx_HAL_Driver/Src/stm32f1xx_hal_tim_ex.c.obj
                              0x87e25 (size before relaxing)
 .debug_str     0x0008ff87        0x0 cmake/stm32cubemx/CMakeFiles/STM32_Drivers.dir/__/__/Drivers/STM32F1xx_HAL_Driver/Src/stm32f1xx_hal_uart.c.obj
                              0x87c88 (size before relaxing)
 .debug_str     0x0008ff87        0x0 CMakeFiles/armor.dir/Core/Src/main.c.obj
                              0x8b559 (size before relaxing)
 .debug_str     0x0008ff87        0x0 CMakeFiles/armor.dir/Core/Src/gpio.c.obj
                              0x87386 (size before relaxing)
 .debug_str     0x0008ff87        0x0 CMakeFiles/armor.dir/Core/Src/can.c.obj
                              0x8765c (size before relaxing)
 .debug_str     0x0008ff87        0x0 CMakeFiles/armor.dir/Core/Src/dma.c.obj
                              0x875e4 (size before relaxing)
 .debug_str     0x0008ff87        0x0 CMakeFiles/armor.dir/Core/Src/i2c.c.obj
                              0x8786e (size before relaxing)
 .debug_str     0x0008ff87        0x0 CMakeFiles/armor.dir/Core/Src/tim.c.obj
                              0x87a75 (size before relaxing)
 .debug_str     0x0008ff87        0x0 CMakeFiles/armor.dir/Core/Src/usart.c.obj
                              0x87b3e (size before relaxing)
 .debug_str     0x0008ff87        0x0 CMakeFiles/armor.dir/Core/Src/stm32f1xx_it.c.obj
                              0x87812 (size before relaxing)
 .debug_str     0x0008ff87        0x0 CMakeFiles/armor.dir/Core/Src/stm32f1xx_hal_msp.c.obj
                              0x8730e (size before relaxing)
 .debug_str     0x0008ff87        0x0 CMakeFiles/armor.dir/startup_stm32f103xb.s.obj
                                 0x68 (size before relaxing)
 .debug_str     0x0008ff87        0x0 CMakeFiles/armor.dir/BSP/bsp_dwt.c.obj
                              0x87506 (size before relaxing)
 .debug_str     0x0008ff87        0x0 CMakeFiles/armor.dir/BSP/hx711.c.obj
                              0x8aec4 (size before relaxing)
 .debug_str     0x0008ff87        0x0 CMakeFiles/armor.dir/BSP/sk6812.c.obj
                              0x8b0fb (size before relaxing)
 .debug_str     0x0008ff87        0x0 D:/STM32/CLT/STM32CubeCLT_1.20.0/GNU-tools-for-STM32/bin/../lib/gcc/arm-none-eabi/13.3.1/../../../../arm-none-eabi/lib/thumb/v7-m/nofp\libg_nano.a(libc_a-memset.o)
                                0x209 (size before relaxing)
 .debug_str     0x0008ff87        0x0 D:/STM32/CLT/STM32CubeCLT_1.20.0/GNU-tools-for-STM32/bin/../lib/gcc/arm-none-eabi/13.3.1/../../../../arm-none-eabi/lib/thumb/v7-m/nofp\libg_nano.a(libc_a-init.o)
                                0x26a (size before relaxing)

.debug_frame    0x00000000     0x49f0
 .debug_frame   0x00000000       0x58 cmake/stm32cubemx/CMakeFiles/STM32_Drivers.dir/__/__/Core/Src/system_stm32f1xx.c.obj
 .debug_frame   0x00000058      0x5a0 cmake/stm32cubemx/CMakeFiles/STM32_Drivers.dir/__/__/Drivers/STM32F1xx_HAL_Driver/Src/stm32f1xx_hal_can.c.obj
 .debug_frame   0x000005f8      0x334 cmake/stm32cubemx/CMakeFiles/STM32_Drivers.dir/__/__/Drivers/STM32F1xx_HAL_Driver/Src/stm32f1xx_hal.c.obj
 .debug_frame   0x0000092c      0x218 cmake/stm32cubemx/CMakeFiles/STM32_Drivers.dir/__/__/Drivers/STM32F1xx_HAL_Driver/Src/stm32f1xx_hal_rcc.c.obj
 .debug_frame   0x00000b44      0x14c cmake/stm32cubemx/CMakeFiles/STM32_Drivers.dir/__/__/Drivers/STM32F1xx_HAL_Driver/Src/stm32f1xx_hal_gpio.c.obj
 .debug_frame   0x00000c90      0x208 cmake/stm32cubemx/CMakeFiles/STM32_Drivers.dir/__/__/Drivers/STM32F1xx_HAL_Driver/Src/stm32f1xx_hal_dma.c.obj
 .debug_frame   0x00000e98      0x428 cmake/stm32cubemx/CMakeFiles/STM32_Drivers.dir/__/__/Drivers/STM32F1xx_HAL_Driver/Src/stm32f1xx_hal_cortex.c.obj
 .debug_frame   0x000012c0      0xc84 cmake/stm32cubemx/CMakeFiles/STM32_Drivers.dir/__/__/Drivers/STM32F1xx_HAL_Driver/Src/stm32f1xx_hal_i2c.c.obj
 .debug_frame   0x00001f44     0x11b8 cmake/stm32cubemx/CMakeFiles/STM32_Drivers.dir/__/__/Drivers/STM32F1xx_HAL_Driver/Src/stm32f1xx_hal_tim.c.obj
 .debug_frame   0x000030fc      0x638 cmake/stm32cubemx/CMakeFiles/STM32_Drivers.dir/__/__/Drivers/STM32F1xx_HAL_Driver/Src/stm32f1xx_hal_tim_ex.c.obj
 .debug_frame   0x00003734      0x944 cmake/stm32cubemx/CMakeFiles/STM32_Drivers.dir/__/__/Drivers/STM32F1xx_HAL_Driver/Src/stm32f1xx_hal_uart.c.obj
 .debug_frame   0x00004078       0x6c CMakeFiles/armor.dir/Core/Src/main.c.obj
 .debug_frame   0x000040e4       0x34 CMakeFiles/armor.dir/Core/Src/gpio.c.obj
 .debug_frame   0x00004118       0x74 CMakeFiles/armor.dir/Core/Src/can.c.obj
 .debug_frame   0x0000418c       0x34 CMakeFiles/armor.dir/Core/Src/dma.c.obj
 .debug_frame   0x000041c0       0x74 CMakeFiles/armor.dir/Core/Src/i2c.c.obj
 .debug_frame   0x00004234       0xc4 CMakeFiles/armor.dir/Core/Src/tim.c.obj
 .debug_frame   0x000042f8       0x90 CMakeFiles/armor.dir/Core/Src/usart.c.obj
 .debug_frame   0x00004388      0x190 CMakeFiles/armor.dir/Core/Src/stm32f1xx_it.c.obj
 .debug_frame   0x00004518       0x38 CMakeFiles/armor.dir/Core/Src/stm32f1xx_hal_msp.c.obj
 .debug_frame   0x00004550      0x1d0 CMakeFiles/armor.dir/BSP/bsp_dwt.c.obj
 .debug_frame   0x00004720       0xa8 CMakeFiles/armor.dir/BSP/hx711.c.obj
 .debug_frame   0x000047c8      0x134 CMakeFiles/armor.dir/BSP/sk6812.c.obj
 .debug_frame   0x000048fc       0x4c D:/STM32/CLT/STM32CubeCLT_1.20.0/GNU-tools-for-STM32/bin/../lib/gcc/arm-none-eabi/13.3.1/thumb/v7-m/nofp\libgcc.a(_arm_addsubsf3.o)
 .debug_frame   0x00004948       0x38 D:/STM32/CLT/STM32CubeCLT_1.20.0/GNU-tools-for-STM32/bin/../lib/gcc/arm-none-eabi/13.3.1/thumb/v7-m/nofp\libgcc.a(_arm_muldivsf3.o)
 .debug_frame   0x00004980       0x24 D:/STM32/CLT/STM32CubeCLT_1.20.0/GNU-tools-for-STM32/bin/../lib/gcc/arm-none-eabi/13.3.1/thumb/v7-m/nofp\libgcc.a(_arm_fixunssfsi.o)
 .debug_frame   0x000049a4       0x20 D:/STM32/CLT/STM32CubeCLT_1.20.0/GNU-tools-for-STM32/bin/../lib/gcc/arm-none-eabi/13.3.1/../../../../arm-none-eabi/lib/thumb/v7-m/nofp\libg_nano.a(libc_a-memset.o)
 .debug_frame   0x000049c4       0x2c D:/STM32/CLT/STM32CubeCLT_1.20.0/GNU-tools-for-STM32/bin/../lib/gcc/arm-none-eabi/13.3.1/../../../../arm-none-eabi/lib/thumb/v7-m/nofp\libg_nano.a(libc_a-init.o)

.debug_line_str
                0x00000000       0x4c
 .debug_line_str
                0x00000000       0x4c CMakeFiles/armor.dir/startup_stm32f103xb.s.obj

.debug_loclists
                0x00000000       0x6f
 .debug_loclists
                0x00000000       0x3b D:/STM32/CLT/STM32CubeCLT_1.20.0/GNU-tools-for-STM32/bin/../lib/gcc/arm-none-eabi/13.3.1/../../../../arm-none-eabi/lib/thumb/v7-m/nofp\libg_nano.a(libc_a-memset.o)
 .debug_loclists
                0x0000003b       0x34 D:/STM32/CLT/STM32CubeCLT_1.20.0/GNU-tools-for-STM32/bin/../lib/gcc/arm-none-eabi/13.3.1/../../../../arm-none-eabi/lib/thumb/v7-m/nofp\libg_nano.a(libc_a-init.o)
